 demo

 Timestamp is 5ab65685 (Sat Mar 24 21:45:41 2018)

 Preferred load address is 0000000180000000

 Start         Length     Name                   Class
 0001:00000000 000001f0H .text$di                CODE
 0001:000001f0 0002ea90H .text$mn                CODE
 0001:0002ec80 00000020H .text$mn$00             CODE
 0001:0002eca0 00000510H .text$x                 CODE
 0001:0002f1b0 00000214H .text$yd                CODE
 0002:00000000 000003e8H .idata$5                DATA
 0002:000003e8 00000010H .00cfg                  DATA
 0002:000003f8 00000008H .CRT$XCA                DATA
 0002:00000400 00000038H .CRT$XCC                DATA
 0002:00000438 00000010H .CRT$XCL                DATA
 0002:00000448 00000018H .CRT$XCU                DATA
 0002:00000460 00000008H .CRT$XCZ                DATA
 0002:00000468 00000008H .CRT$XIA                DATA
 0002:00000470 00000030H .CRT$XIC                DATA
 0002:000004a0 00000008H .CRT$XIZ                DATA
 0002:000004a8 00000008H .CRT$XLA                DATA
 0002:000004b0 00000008H .CRT$XLZ                DATA
 0002:000004b8 00000008H .CRT$XPA                DATA
 0002:000004c0 00000010H .CRT$XPX                DATA
 0002:000004d0 00000008H .CRT$XPXA               DATA
 0002:000004d8 00000008H .CRT$XPZ                DATA
 0002:000004e0 00000008H .CRT$XTA                DATA
 0002:000004e8 00000008H .CRT$XTZ                DATA
 0002:000004f0 00010108H .rdata                  DATA
 0002:000105f8 00000028H .rdata$T                DATA
 0002:00010620 00001064H .rdata$r                DATA
 0002:00011684 00000404H .rdata$zzzdbg           DATA
 0002:00011a88 00000008H .rtc$IAA                DATA
 0002:00011a90 00000008H .rtc$IZZ                DATA
 0002:00011a98 00000008H .rtc$TAA                DATA
 0002:00011aa0 00000010H .rtc$TZZ                DATA
 0002:00011ab0 00002398H .xdata                  DATA
 0002:00013e48 000002a8H .xdata$x                DATA
 0002:000140f0 0000004cH .edata                  DATA
 0002:0001413c 0000003cH .idata$2                DATA
 0002:00014178 00000018H .idata$3                DATA
 0002:00014190 000003e8H .idata$4                DATA
 0002:00014578 00000dd2H .idata$6                DATA
 0003:00000000 00000bb0H .data                   DATA
 0003:00000bb0 00000620H .data$r                 DATA
 0003:000011d0 00042984H .bss                    DATA
 0004:00000000 000024f0H .pdata                  DATA
 0005:00000000 000000b4H .gfids$x                DATA
 0005:000000b4 00000238H .gfids$y                DATA
 0006:00000000 00000004H .tls                    DATA
 0006:00000004 00000004H .tls$                   DATA
 0006:00000008 00000001H .tls$ZZZ                DATA
 0007:00000000 00000060H .rsrc$01                DATA
 0007:00000060 00000180H .rsrc$02                DATA

  Address         Publics by Value              Rva+Base               Lib:Object

 0000:00000000       __guard_iat_table          0000000000000000     <absolute>
 0000:00000000       __dynamic_value_reloc_table 0000000000000000     <absolute>
 0000:00000000       __guard_iat_count          0000000000000000     <absolute>
 0000:00000000       __guard_longjmp_table      0000000000000000     <absolute>
 0000:00000000       __guard_longjmp_count      0000000000000000     <absolute>
 0000:00000000       __guard_fids_count         0000000000000000     <absolute>
 0000:00000000       ___safe_se_handler_table   0000000000000000     <absolute>
 0000:00000000       ___safe_se_handler_count   0000000000000000     <absolute>
 0000:00000000       __guard_fids_table         0000000000000000     <absolute>
 0000:00000100       __guard_flags              0000000000000100     <absolute>
 0000:00000000       __ImageBase                0000000180000000     <linker-defined>
 0001:000001f0       __local_stdio_printf_options 00000001800011f0 f i kkqWinTool.obj
 0001:00000200       sprintf                    0000000180001200 f i kkqWinTool.obj
 0001:00000260       sprintf_s                  0000000180001260 f i kkqWinTool.obj
 0001:000002c0       ?what@exception@stdext@@UEBAPEBDXZ 00000001800012c0 f i kkqWinTool.obj
 0001:000002e0       ?_Doraise@exception@stdext@@MEBAXXZ 00000001800012e0 f i kkqWinTool.obj
 0001:000002e0       ?imbue@?$basic_streambuf@DU?$char_traits@D@std@@@std@@MEAAXAEBVlocale@2@@Z 00000001800012e0 f i libcpmt:cout.obj
 0001:000002e0       ??$destroy@PEAU?$_Tree_node@U?$pair@QEAUHWND__@@V?$basic_string@DU?$char_traits@D@std@@V?$allocator@D@2@@std@@@std@@PEAX@std@@@?$_Wrap_alloc@V?$allocator@U?$_Tree_node@U?$pair@QEAUHWND__@@V?$basic_string@DU?$char_traits@D@std@@V?$allocator@D@2@@std@@@std@@PEAX@std@@@std@@@std@@QEAAXPEAPEAU?$_Tree_node@U?$pair@QEAUHWND__@@V?$basic_string@DU?$char_traits@D@std@@V?$allocator@D@2@@std@@@std@@PEAX@1@@Z 00000001800012e0 f i kkqWinTool.obj
 0001:000002e0       ?_Lock@?$basic_streambuf@DU?$char_traits@D@std@@@std@@UEAAXXZ 00000001800012e0 f i libcpmt:cout.obj
 0001:000002e0       _guard_check_icall_nop     00000001800012e0 f i LIBCMT:guard_support.obj
 0001:000002e0       ?_Unlock@?$basic_streambuf@DU?$char_traits@D@std@@@std@@UEAAXXZ 00000001800012e0 f i libcpmt:cout.obj
 0001:000002e0       __except_validate_context_record 00000001800012e0 f i libvcruntime:jbcxrval.obj
 0001:000002f0       ??_Eruntime_error@std@@UEAAPEAXI@Z 00000001800012f0 f i * CIL library *:* CIL module *
 0001:000002f0       ??_Gexception@stdext@@UEAAPEAXI@Z 00000001800012f0 f i kkqWinTool.obj
 0001:000002f0       ??_Eexception@stdext@@UEAAPEAXI@Z 00000001800012f0 f i * CIL library *:* CIL module *
 0001:000002f0       ??_Gruntime_error@std@@UEAAPEAXI@Z 00000001800012f0 f i kkqWinTool.obj
 0001:00000320       ?_Deallocate@std@@YAXPEAX_K1@Z 0000000180001320 f i kkqWinTool.obj
 0001:00000390       ??0_Locinfo@std@@QEAA@PEBD@Z 0000000180001390 f i kkqWinTool.obj
 0001:00000450       ??1_Locinfo@std@@QEAA@XZ   0000000180001450 f i kkqWinTool.obj
 0001:000004f0       ??_E_Facet_base@std@@UEAAPEAXI@Z 00000001800014f0 f i * CIL library *:* CIL module *
 0001:000004f0       ??_G_Facet_base@std@@UEAAPEAXI@Z 00000001800014f0 f i kkqWinTool.obj
 0001:00000520       ?_Incref@facet@locale@std@@UEAAXXZ 0000000180001520 f i kkqWinTool.obj
 0001:00000530       ?_Decref@facet@locale@std@@UEAAPEAV_Facet_base@3@XZ 0000000180001530 f i kkqWinTool.obj
 0001:00000540       ??1locale@std@@QEAA@XZ     0000000180001540 f i kkqWinTool.obj
 0001:00000570       ?_Getcat@?$ctype@D@std@@SA_KPEAPEBVfacet@locale@2@PEBV42@@Z 0000000180001570 f i kkqWinTool.obj
 0001:00000630       ?do_tolower@?$ctype@D@std@@MEBADD@Z 0000000180001630 f i kkqWinTool.obj
 0001:00000640       ?do_tolower@?$ctype@D@std@@MEBAPEBDPEADPEBD@Z 0000000180001640 f i kkqWinTool.obj
 0001:000006a0       ?do_toupper@?$ctype@D@std@@MEBADD@Z 00000001800016a0 f i kkqWinTool.obj
 0001:000006b0       ?do_toupper@?$ctype@D@std@@MEBAPEBDPEADPEBD@Z 00000001800016b0 f i kkqWinTool.obj
 0001:00000710       ?do_narrow@?$ctype@D@std@@MEBADDD@Z 0000000180001710 f i kkqWinTool.obj
 0001:00000710       ?do_widen@?$ctype@D@std@@MEBADD@Z 0000000180001710 f i kkqWinTool.obj
 0001:00000720       ?do_widen@?$ctype@D@std@@MEBAPEBDPEBD0PEAD@Z 0000000180001720 f i kkqWinTool.obj
 0001:00000740       ?do_narrow@?$ctype@D@std@@MEBAPEBDPEBD0DPEAD@Z 0000000180001740 f i kkqWinTool.obj
 0001:00000760       ??_E?$ctype@D@std@@MEAAPEAXI@Z 0000000180001760 f i * CIL library *:* CIL module *
 0001:00000760       ??_G?$ctype@D@std@@MEAAPEAXI@Z 0000000180001760 f i kkqWinTool.obj
 0001:000007d0       ??_Gerror_category@std@@UEAAPEAXI@Z 00000001800017d0 f i kkqWinTool.obj
 0001:000007d0       ??_E_Iostream_error_category@std@@UEAAPEAXI@Z 00000001800017d0 f i * CIL library *:* CIL module *
 0001:000007d0       ??_Eerror_category@std@@UEAAPEAXI@Z 00000001800017d0 f i * CIL library *:* CIL module *
 0001:000007d0       ??_G_Iostream_error_category@std@@UEAAPEAXI@Z 00000001800017d0 f i kkqWinTool.obj
 0001:00000800       ?default_error_condition@error_category@std@@UEBA?AVerror_condition@2@H@Z 0000000180001800 f i kkqWinTool.obj
 0001:00000810       ?equivalent@error_category@std@@UEBA_NHAEBVerror_condition@2@@Z 0000000180001810 f i kkqWinTool.obj
 0001:00000870       ?equivalent@error_category@std@@UEBA_NAEBVerror_code@2@H@Z 0000000180001870 f i kkqWinTool.obj
 0001:00000890       ?_Makestr@_System_error@std@@CA?AV?$basic_string@DU?$char_traits@D@std@@V?$allocator@D@2@@2@Verror_code@2@V32@@Z 0000000180001890 f i kkqWinTool.obj
 0001:00000990       ??_E_System_error@std@@UEAAPEAXI@Z 0000000180001990 f i * CIL library *:* CIL module *
 0001:00000990       ??_G_System_error@std@@UEAAPEAXI@Z 0000000180001990 f i kkqWinTool.obj
 0001:00000990       ??_Efailure@ios_base@std@@UEAAPEAXI@Z 0000000180001990 f i * CIL library *:* CIL module *
 0001:00000990       ??_Gfailure@ios_base@std@@UEAAPEAXI@Z 0000000180001990 f i kkqWinTool.obj
 0001:000009c0       ?name@_Iostream_error_category@std@@UEBAPEBDXZ 00000001800019c0 f i kkqWinTool.obj
 0001:000009d0       ?message@_Iostream_error_category@std@@UEBA?AV?$basic_string@DU?$char_traits@D@std@@V?$allocator@D@2@@2@H@Z 00000001800019d0 f i kkqWinTool.obj
 0001:00000a50       ?clear@ios_base@std@@QEAAXH_N@Z 0000000180001a50 f i kkqWinTool.obj
 0001:00000fa0       ?getloc@ios_base@std@@QEBA?AVlocale@2@XZ 0000000180001fa0 f i kkqWinTool.obj
 0001:000010a0       ?New@?$Factory@VFunctionTemplate@v8@@@imp@Nan@@SA?AV?$Local@VFunctionTemplate@v8@@@v8@@P6AXAEBV?$FunctionCallbackInfo@VValue@v8@@@3@@ZV?$Local@VValue@v8@@@5@V?$Local@VSignature@v8@@@5@@Z 00000001800020a0 f i kkqWinTool.obj
 0001:00001280       ?InitData@demo@@YAXAEBV?$FunctionCallbackInfo@VValue@v8@@@Nan@@@Z 0000000180002280 f   kkqWinTool.obj
 0001:00001420       ?loadAllWindow@demo@@YAXAEBV?$FunctionCallbackInfo@VValue@v8@@@Nan@@@Z 0000000180002420 f   kkqWinTool.obj
 0001:00003470       ?sendMsgToWindow@demo@@YAXAEBV?$FunctionCallbackInfo@VValue@v8@@@Nan@@@Z 0000000180004470 f   kkqWinTool.obj
 0001:000067f0       ?Init@demo@@YAXV?$Local@VObject@v8@@@v8@@@Z 00000001800077f0 f   kkqWinTool.obj
 0001:00006970       ??1?$basic_string@DU?$char_traits@D@std@@V?$allocator@D@2@@std@@QEAA@XZ 0000000180007970 f i kkqWinTool.obj
 0001:00006a00       ??6?$basic_ostream@DU?$char_traits@D@std@@@std@@QEAAAEAV01@_J@Z 0000000180007a00 f i kkqWinTool.obj
 0001:00006bb0       ??6?$basic_ostream@DU?$char_traits@D@std@@@std@@QEAAAEAV01@H@Z 0000000180007bb0 f i kkqWinTool.obj
 0001:00006d50       ??0sentry@?$basic_ostream@DU?$char_traits@D@std@@@std@@QEAA@AEAV12@@Z 0000000180007d50 f i kkqWinTool.obj
 0001:00006dc0       ?do_put@?$num_put@DV?$ostreambuf_iterator@DU?$char_traits@D@std@@@std@@@std@@MEBA?AV?$ostreambuf_iterator@DU?$char_traits@D@std@@@2@V32@AEAVios_base@2@DPEBX@Z 0000000180007dc0 f i kkqWinTool.obj
 0001:00006e60       ?do_put@?$num_put@DV?$ostreambuf_iterator@DU?$char_traits@D@std@@@std@@@std@@MEBA?AV?$ostreambuf_iterator@DU?$char_traits@D@std@@@2@V32@AEAVios_base@2@DO@Z 0000000180007e60 f i kkqWinTool.obj
 0001:000070d0       ?do_put@?$num_put@DV?$ostreambuf_iterator@DU?$char_traits@D@std@@@std@@@std@@MEBA?AV?$ostreambuf_iterator@DU?$char_traits@D@std@@@2@V32@AEAVios_base@2@DN@Z 00000001800080d0 f i kkqWinTool.obj
 0001:00007340       ?do_put@?$num_put@DV?$ostreambuf_iterator@DU?$char_traits@D@std@@@std@@@std@@MEBA?AV?$ostreambuf_iterator@DU?$char_traits@D@std@@@2@V32@AEAVios_base@2@D_K@Z 0000000180008340 f i kkqWinTool.obj
 0001:00007440       ?do_put@?$num_put@DV?$ostreambuf_iterator@DU?$char_traits@D@std@@@std@@@std@@MEBA?AV?$ostreambuf_iterator@DU?$char_traits@D@std@@@2@V32@AEAVios_base@2@D_J@Z 0000000180008440 f i kkqWinTool.obj
 0001:00007540       ?do_put@?$num_put@DV?$ostreambuf_iterator@DU?$char_traits@D@std@@@std@@@std@@MEBA?AV?$ostreambuf_iterator@DU?$char_traits@D@std@@@2@V32@AEAVios_base@2@DK@Z 0000000180008540 f i kkqWinTool.obj
 0001:00007640       ?do_put@?$num_put@DV?$ostreambuf_iterator@DU?$char_traits@D@std@@@std@@@std@@MEBA?AV?$ostreambuf_iterator@DU?$char_traits@D@std@@@2@V32@AEAVios_base@2@DJ@Z 0000000180008640 f i kkqWinTool.obj
 0001:00007740       ?do_put@?$num_put@DV?$ostreambuf_iterator@DU?$char_traits@D@std@@@std@@@std@@MEBA?AV?$ostreambuf_iterator@DU?$char_traits@D@std@@@2@V32@AEAVios_base@2@D_N@Z 0000000180008740 f i kkqWinTool.obj
 0001:00007c00       ?_Tidy@?$basic_string@DU?$char_traits@D@std@@V?$allocator@D@2@@std@@QEAAX_N_K@Z 0000000180008c00 f i kkqWinTool.obj
 0001:00007cb0       ?_Traits_compare@?$basic_string@DU?$char_traits@D@std@@V?$allocator@D@2@@std@@SAHQEBD_K01@Z 0000000180008cb0 f i kkqWinTool.obj
 0001:00007d10       ?assign@?$basic_string@DU?$char_traits@D@std@@V?$allocator@D@2@@std@@QEAAAEAV12@_KD@Z 0000000180008d10 f i kkqWinTool.obj
 0001:00007e10       ?assign@?$basic_string@DU?$char_traits@D@std@@V?$allocator@D@2@@std@@QEAAAEAV12@PEBD_K@Z 0000000180008e10 f i kkqWinTool.obj
 0001:00007f40       ?assign@?$basic_string@DU?$char_traits@D@std@@V?$allocator@D@2@@std@@QEAAAEAV12@AEBV12@_K1@Z 0000000180008f40 f i kkqWinTool.obj
 0001:00008070       ?append@?$basic_string@DU?$char_traits@D@std@@V?$allocator@D@2@@std@@QEAAAEAV12@PEBD_K@Z 0000000180009070 f i kkqWinTool.obj
 0001:000081c0       ?append@?$basic_string@DU?$char_traits@D@std@@V?$allocator@D@2@@std@@QEAAAEAV12@AEBV12@_K1@Z 00000001800091c0 f i kkqWinTool.obj
 0001:000082f0       ?_Assign_rv@?$basic_string@DU?$char_traits@D@std@@V?$allocator@D@2@@std@@QEAAX$$QEAV12@@Z 00000001800092f0 f i kkqWinTool.obj
 0001:00008370       ??_E?$codecvt@DDU_Mbstatet@@@std@@MEAAPEAXI@Z 0000000180009370 f i libcpmt:cout.obj
 0001:00008370       ??_E?$num_put@DV?$ostreambuf_iterator@DU?$char_traits@D@std@@@std@@@std@@MEAAPEAXI@Z 0000000180009370 f i * CIL library *:* CIL module *
 0001:00008370       ??_G?$codecvt@DDU_Mbstatet@@@std@@MEAAPEAXI@Z 0000000180009370 f i libcpmt:cout.obj
 0001:00008370       ??_G?$num_put@DV?$ostreambuf_iterator@DU?$char_traits@D@std@@@std@@@std@@MEAAPEAXI@Z 0000000180009370 f i kkqWinTool.obj
 0001:000083a0       ?do_truename@?$numpunct@D@std@@MEBA?AV?$basic_string@DU?$char_traits@D@std@@V?$allocator@D@2@@2@XZ 00000001800093a0 f i kkqWinTool.obj
 0001:000083f0       ?do_falsename@?$numpunct@D@std@@MEBA?AV?$basic_string@DU?$char_traits@D@std@@V?$allocator@D@2@@2@XZ 00000001800093f0 f i kkqWinTool.obj
 0001:00008440       ?do_grouping@?$numpunct@D@std@@MEBA?AV?$basic_string@DU?$char_traits@D@std@@V?$allocator@D@2@@2@XZ 0000000180009440 f i kkqWinTool.obj
 0001:00008490       ?do_thousands_sep@?$numpunct@D@std@@MEBADXZ 0000000180009490 f i kkqWinTool.obj
 0001:000084a0       ?do_decimal_point@?$numpunct@D@std@@MEBADXZ 00000001800094a0 f i kkqWinTool.obj
 0001:000084b0       ?_Iput@?$num_put@DV?$ostreambuf_iterator@DU?$char_traits@D@std@@@std@@@std@@AEBA?AV?$ostreambuf_iterator@DU?$char_traits@D@std@@@2@V32@AEAVios_base@2@DPEAD_K@Z 00000001800094b0 f i kkqWinTool.obj
 0001:00008b90       ?_Fput@?$num_put@DV?$ostreambuf_iterator@DU?$char_traits@D@std@@@std@@@std@@AEBA?AV?$ostreambuf_iterator@DU?$char_traits@D@std@@@2@V32@AEAVios_base@2@DPEBD_K@Z 0000000180009b90 f i kkqWinTool.obj
 0001:000093f0       ?erase@?$_Tree@V?$_Tmap_traits@PEAUHWND__@@V?$basic_string@DU?$char_traits@D@std@@V?$allocator@D@2@@std@@U?$less@PEAUHWND__@@@3@V?$allocator@U?$pair@QEAUHWND__@@V?$basic_string@DU?$char_traits@D@std@@V?$allocator@D@2@@std@@@std@@@3@$0A@@std@@@std@@QEAA?AV?$_Tree_iterator@V?$_Tree_val@U?$_Tree_simple_types@U?$pair@QEAUHWND__@@V?$basic_string@DU?$char_traits@D@std@@V?$allocator@D@2@@std@@@std@@@std@@@std@@@2@V?$_Tree_const_iterator@V?$_Tree_val@U?$_Tree_simple_types@U?$pair@QEAUHWND__@@V?$basic_string@DU?$char_traits@D@std@@V?$allocator@D@2@@std@@@std@@@std@@@std@@@2@0@Z 000000018000a3f0 f i kkqWinTool.obj
 0001:000094f0       ?erase@?$basic_string@DU?$char_traits@D@std@@V?$allocator@D@2@@std@@QEAAAEAV12@_K0@Z 000000018000a4f0 f i kkqWinTool.obj
 0001:000095c0       ?append@?$basic_string@DU?$char_traits@D@std@@V?$allocator@D@2@@std@@QEAAAEAV12@_KD@Z 000000018000a5c0 f i kkqWinTool.obj
 0001:000096d0       ?assign@?$basic_string@DU?$char_traits@D@std@@V?$allocator@D@2@@std@@QEAAAEAV12@$$QEAV12@@Z 000000018000a6d0 f i kkqWinTool.obj
 0001:00009780       ?flush@?$basic_ostream@DU?$char_traits@D@std@@@std@@QEAAAEAV12@XZ 000000018000a780 f i kkqWinTool.obj
 0001:00009870       ??_G?$numpunct@D@std@@MEAAPEAXI@Z 000000018000a870 f i kkqWinTool.obj
 0001:00009870       ??_E?$numpunct@D@std@@MEAAPEAXI@Z 000000018000a870 f i * CIL library *:* CIL module *
 0001:000098d0       ?erase@?$_Tree@V?$_Tmap_traits@PEAUHWND__@@V?$basic_string@DU?$char_traits@D@std@@V?$allocator@D@2@@std@@U?$less@PEAUHWND__@@@3@V?$allocator@U?$pair@QEAUHWND__@@V?$basic_string@DU?$char_traits@D@std@@V?$allocator@D@2@@std@@@std@@@3@$0A@@std@@@std@@QEAA?AV?$_Tree_iterator@V?$_Tree_val@U?$_Tree_simple_types@U?$pair@QEAUHWND__@@V?$basic_string@DU?$char_traits@D@std@@V?$allocator@D@2@@std@@@std@@@std@@@std@@@2@V?$_Tree_const_iterator@V?$_Tree_val@U?$_Tree_simple_types@U?$pair@QEAUHWND__@@V?$basic_string@DU?$char_traits@D@std@@V?$allocator@D@2@@std@@@std@@@std@@@std@@@2@@Z 000000018000a8d0 f i kkqWinTool.obj
 0001:00009d70       ?_Copy@?$basic_string@DU?$char_traits@D@std@@V?$allocator@D@2@@std@@QEAAX_K0@Z 000000018000ad70 f i kkqWinTool.obj
 0001:00009ef0       ?insert@?$basic_string@DU?$char_traits@D@std@@V?$allocator@D@2@@std@@QEAAAEAV12@_K0D@Z 000000018000aef0 f i kkqWinTool.obj
 0001:0000a060       ?_Rrotate@?$_Tree@V?$_Tmap_traits@PEAUHWND__@@V?$basic_string@DU?$char_traits@D@std@@V?$allocator@D@2@@std@@U?$less@PEAUHWND__@@@3@V?$allocator@U?$pair@QEAUHWND__@@V?$basic_string@DU?$char_traits@D@std@@V?$allocator@D@2@@std@@@std@@@3@$0A@@std@@@std@@IEAAXPEAU?$_Tree_node@U?$pair@QEAUHWND__@@V?$basic_string@DU?$char_traits@D@std@@V?$allocator@D@2@@std@@@std@@PEAX@2@@Z 000000018000b060 f i kkqWinTool.obj
 0001:0000a0c0       ?_Lrotate@?$_Tree@V?$_Tmap_traits@PEAUHWND__@@V?$basic_string@DU?$char_traits@D@std@@V?$allocator@D@2@@std@@U?$less@PEAUHWND__@@@3@V?$allocator@U?$pair@QEAUHWND__@@V?$basic_string@DU?$char_traits@D@std@@V?$allocator@D@2@@std@@@std@@@3@$0A@@std@@@std@@IEAAXPEAU?$_Tree_node@U?$pair@QEAUHWND__@@V?$basic_string@DU?$char_traits@D@std@@V?$allocator@D@2@@std@@@std@@PEAX@2@@Z 000000018000b0c0 f i kkqWinTool.obj
 0001:0000a120       ?_Erase@?$_Tree@V?$_Tmap_traits@PEAUHWND__@@V?$basic_string@DU?$char_traits@D@std@@V?$allocator@D@2@@std@@U?$less@PEAUHWND__@@@3@V?$allocator@U?$pair@QEAUHWND__@@V?$basic_string@DU?$char_traits@D@std@@V?$allocator@D@2@@std@@@std@@@3@$0A@@std@@@std@@IEAAXPEAU?$_Tree_node@U?$pair@QEAUHWND__@@V?$basic_string@DU?$char_traits@D@std@@V?$allocator@D@2@@std@@@std@@PEAX@2@@Z 000000018000b120 f i kkqWinTool.obj
 0001:0000a200       ??$use_facet@V?$ctype@D@std@@@std@@YAAEBV?$ctype@D@0@AEBVlocale@0@@Z 000000018000b200 f i kkqWinTool.obj
 0001:0000a330       ??$_Immortalize@V_Iostream_error_category@std@@@std@@YAAEAV_Iostream_error_category@0@XZ 000000018000b330 f i kkqWinTool.obj
 0001:0000a3b0       ??$?6U?$char_traits@D@std@@@std@@YAAEAV?$basic_ostream@DU?$char_traits@D@std@@@0@AEAV10@PEBD@Z 000000018000b3b0 f i kkqWinTool.obj
 0001:0000a600       ??$?8DU?$char_traits@D@std@@V?$allocator@D@1@@std@@YA_NAEBV?$basic_string@DU?$char_traits@D@std@@V?$allocator@D@2@@0@0@Z 000000018000b600 f i kkqWinTool.obj
 0001:0000a680       ??$?6DU?$char_traits@D@std@@V?$allocator@D@1@@std@@YAAEAV?$basic_ostream@DU?$char_traits@D@std@@@0@AEAV10@AEBV?$basic_string@DU?$char_traits@D@std@@V?$allocator@D@2@@0@@Z 000000018000b680 f i kkqWinTool.obj
 0001:0000a8d0       ??$use_facet@V?$num_put@DV?$ostreambuf_iterator@DU?$char_traits@D@std@@@std@@@std@@@std@@YAAEBV?$num_put@DV?$ostreambuf_iterator@DU?$char_traits@D@std@@@std@@@0@AEBVlocale@0@@Z 000000018000b8d0 f i kkqWinTool.obj
 0001:0000aa00       ??$use_facet@V?$numpunct@D@std@@@std@@YAAEBV?$numpunct@D@0@AEBVlocale@0@@Z 000000018000ba00 f i kkqWinTool.obj
 0001:0000ab30       ?_Getcat@?$numpunct@D@std@@SA_KPEAPEBVfacet@locale@2@PEBV42@@Z 000000018000bb30 f i kkqWinTool.obj
 0001:0000abf0       ?_Getcat@?$num_put@DV?$ostreambuf_iterator@DU?$char_traits@D@std@@@std@@@std@@SA_KPEAPEBVfacet@locale@2@PEBV42@@Z 000000018000bbf0 f i kkqWinTool.obj
 0001:0000aca0       ?_Init@?$numpunct@D@std@@IEAAXAEBV_Locinfo@2@_N@Z 000000018000bca0 f i kkqWinTool.obj
 0001:0000ae20       ??$_Try_emplace@AEBQEAUHWND__@@$$V@?$map@PEAUHWND__@@V?$basic_string@DU?$char_traits@D@std@@V?$allocator@D@2@@std@@U?$less@PEAUHWND__@@@3@V?$allocator@U?$pair@QEAUHWND__@@V?$basic_string@DU?$char_traits@D@std@@V?$allocator@D@2@@std@@@std@@@3@@std@@QEAA?AU?$pair@V?$_Tree_iterator@V?$_Tree_val@U?$_Tree_simple_types@U?$pair@QEAUHWND__@@V?$basic_string@DU?$char_traits@D@std@@V?$allocator@D@2@@std@@@std@@@std@@@std@@@std@@_N@1@AEBQEAUHWND__@@@Z 000000018000be20 f i kkqWinTool.obj
 0001:0000af20       ?setbuf@?$basic_streambuf@DU?$char_traits@D@std@@@std@@MEAAPEAV12@PEAD_J@Z 000000018000bf20 f i libcpmt:cout.obj
 0001:0000af20       ??0?$_Wrap_alloc@V?$allocator@U?$_Tree_node@U?$pair@QEAUHWND__@@V?$basic_string@DU?$char_traits@D@std@@V?$allocator@D@2@@std@@@std@@PEAX@std@@@std@@@std@@QEAA@XZ 000000018000bf20 f i kkqWinTool.obj
 0001:0000af30       ??$_Insert_hint@AEAU?$pair@QEAUHWND__@@V?$basic_string@DU?$char_traits@D@std@@V?$allocator@D@2@@std@@@std@@PEAU?$_Tree_node@U?$pair@QEAUHWND__@@V?$basic_string@DU?$char_traits@D@std@@V?$allocator@D@2@@std@@@std@@PEAX@2@@?$_Tree@V?$_Tmap_traits@PEAUHWND__@@V?$basic_string@DU?$char_traits@D@std@@V?$allocator@D@2@@std@@U?$less@PEAUHWND__@@@3@V?$allocator@U?$pair@QEAUHWND__@@V?$basic_string@DU?$char_traits@D@std@@V?$allocator@D@2@@std@@@std@@@3@$0A@@std@@@std@@IEAA?AV?$_Tree_iterator@V?$_Tree_val@U?$_Tree_simple_types@U?$pair@QEAUHWND__@@V?$basic_string@DU?$char_traits@D@std@@V?$allocator@D@2@@std@@@std@@@std@@@std@@@1@V?$_Tree_const_iterator@V?$_Tree_val@U?$_Tree_simple_types@U?$pair@QEAUHWND__@@V?$basic_string@DU?$char_traits@D@std@@V?$allocator@D@2@@std@@@std@@@std@@@std@@@1@AEAU?$pair@QEAUHWND__@@V?$basic_string@DU?$char_traits@D@std@@V?$allocator@D@2@@std@@@1@PEAU?$_Tree_node@U?$pair@QEAUHWND__@@V?$basic_string@DU?$char_traits@D@std@@V?$allocator@D@2@@std@@@std@@PEAX@1@@Z 000000018000bf30 f i kkqWinTool.obj
 0001:0000b190       ??$_Insert_at@AEAU?$pair@QEAUHWND__@@V?$basic_string@DU?$char_traits@D@std@@V?$allocator@D@2@@std@@@std@@PEAU?$_Tree_node@U?$pair@QEAUHWND__@@V?$basic_string@DU?$char_traits@D@std@@V?$allocator@D@2@@std@@@std@@PEAX@2@@?$_Tree@V?$_Tmap_traits@PEAUHWND__@@V?$basic_string@DU?$char_traits@D@std@@V?$allocator@D@2@@std@@U?$less@PEAUHWND__@@@3@V?$allocator@U?$pair@QEAUHWND__@@V?$basic_string@DU?$char_traits@D@std@@V?$allocator@D@2@@std@@@std@@@3@$0A@@std@@@std@@IEAA?AV?$_Tree_iterator@V?$_Tree_val@U?$_Tree_simple_types@U?$pair@QEAUHWND__@@V?$basic_string@DU?$char_traits@D@std@@V?$allocator@D@2@@std@@@std@@@std@@@std@@@1@_NPEAU?$_Tree_node@U?$pair@QEAUHWND__@@V?$basic_string@DU?$char_traits@D@std@@V?$allocator@D@2@@std@@@std@@PEAX@1@AEAU?$pair@QEAUHWND__@@V?$basic_string@DU?$char_traits@D@std@@V?$allocator@D@2@@std@@@1@1@Z 000000018000c190 f i kkqWinTool.obj
 0001:0000b440       ??$_Insert_nohint@AEAU?$pair@QEAUHWND__@@V?$basic_string@DU?$char_traits@D@std@@V?$allocator@D@2@@std@@@std@@PEAU?$_Tree_node@U?$pair@QEAUHWND__@@V?$basic_string@DU?$char_traits@D@std@@V?$allocator@D@2@@std@@@std@@PEAX@2@@?$_Tree@V?$_Tmap_traits@PEAUHWND__@@V?$basic_string@DU?$char_traits@D@std@@V?$allocator@D@2@@std@@U?$less@PEAUHWND__@@@3@V?$allocator@U?$pair@QEAUHWND__@@V?$basic_string@DU?$char_traits@D@std@@V?$allocator@D@2@@std@@@std@@@3@$0A@@std@@@std@@IEAA?AU?$pair@V?$_Tree_iterator@V?$_Tree_val@U?$_Tree_simple_types@U?$pair@QEAUHWND__@@V?$basic_string@DU?$char_traits@D@std@@V?$allocator@D@2@@std@@@std@@@std@@@std@@@std@@_N@1@_NAEAU?$pair@QEAUHWND__@@V?$basic_string@DU?$char_traits@D@std@@V?$allocator@D@2@@std@@@1@PEAU?$_Tree_node@U?$pair@QEAUHWND__@@V?$basic_string@DU?$char_traits@D@std@@V?$allocator@D@2@@std@@@std@@PEAX@1@@Z 000000018000c440 f i kkqWinTool.obj
 0001:0000b570       ?getAllWindow@myutil@@YAHQEAPEAUHWND__@@QEAY0CAA@DAEAV?$map@PEAUHWND__@@V?$basic_string@DU?$char_traits@D@std@@V?$allocator@D@2@@std@@U?$less@PEAUHWND__@@@3@V?$allocator@U?$pair@QEAUHWND__@@V?$basic_string@DU?$char_traits@D@std@@V?$allocator@D@2@@std@@@std@@@3@@std@@V?$basic_string@DU?$char_traits@D@std@@V?$allocator@D@2@@4@@Z 000000018000c570 f   myutil.obj
 0001:0000bc10       ?PostCtrlAndKey@myutil@@YAXPEAUHWND__@@E@Z 000000018000cc10 f   myutil.obj
 0001:0000bc90       ?SendKey@myutil@@YAHPEAUHWND__@@PEBDHH@Z 000000018000cc90 f   myutil.obj
 0001:0000be00       ?setWechatInputAreaFocus@myutil@@YAXPEAUHWND__@@@Z 000000018000ce00 f   myutil.obj
 0001:0000bf10       ?getCurrTime@myutil@@YA?AV?$basic_string@DU?$char_traits@D@std@@V?$allocator@D@2@@std@@XZ 000000018000cf10 f   myutil.obj
 0001:0000bfc4       ??0_Init_locks@std@@QEAA@XZ 000000018000cfc4 f   libcpmt:xlock.obj
 0001:0000c010       ??0_Lockit@std@@QEAA@H@Z   000000018000d010 f   libcpmt:xlock.obj
 0001:0000c04c       ??1_Init_locks@std@@QEAA@XZ 000000018000d04c f   libcpmt:xlock.obj
 0001:0000c090       ??1_Lockit@std@@QEAA@XZ    000000018000d090 f   libcpmt:xlock.obj
 0001:0000c0c4       ??$use_facet@V?$codecvt@DDU_Mbstatet@@@std@@@std@@YAAEBV?$codecvt@DDU_Mbstatet@@@0@AEBVlocale@0@@Z 000000018000d0c4 f i libcpmt:cout.obj
 0001:0000c1fc       ??0?$basic_ostream@DU?$char_traits@D@std@@@std@@QEAA@PEAV?$basic_streambuf@DU?$char_traits@D@std@@@1@_N@Z 000000018000d1fc f i libcpmt:cout.obj
 0001:0000c2c4       ??0?$basic_streambuf@DU?$char_traits@D@std@@@std@@IEAA@XZ 000000018000d2c4 f i libcpmt:cout.obj
 0001:0000c374       ??0_Init_cout@std@@QEAA@XZ 000000018000d374 f i libcpmt:cout.obj
 0001:0000c3e0       ??0bad_cast@std@@QEAA@AEBV01@@Z 000000018000d3e0 f i libcpmt:cout.obj
 0001:0000c420       ??0bad_cast@std@@QEAA@XZ   000000018000d420 f i libcpmt:cout.obj
 0001:0000c440       ??0exception@std@@QEAA@AEBV01@@Z 000000018000d440 f i libcpmt:cout.obj
 0001:0000c478       ??1?$basic_filebuf@DU?$char_traits@D@std@@@std@@UEAA@XZ 000000018000d478 f i libcpmt:cout.obj
 0001:0000c524       ??1?$basic_ios@DU?$char_traits@D@std@@@std@@UEAA@XZ 000000018000d524 f i libcpmt:cout.obj
 0001:0000c548       ??_E?$basic_ostream@DU?$char_traits@D@std@@@std@@$4PPPPPPPM@A@EAAPEAXI@Z 000000018000d548 f i libcpmt:cout.obj
 0001:0000c554       ??_G?$basic_filebuf@DU?$char_traits@D@std@@@std@@UEAAPEAXI@Z 000000018000d554 f i libcpmt:cout.obj
 0001:0000c554       ??_E?$basic_filebuf@DU?$char_traits@D@std@@@std@@UEAAPEAXI@Z 000000018000d554 f i libcpmt:cout.obj
 0001:0000c588       ??_G?$basic_ios@DU?$char_traits@D@std@@@std@@UEAAPEAXI@Z 000000018000d588 f i libcpmt:cout.obj
 0001:0000c588       ??_E?$basic_ios@DU?$char_traits@D@std@@@std@@UEAAPEAXI@Z 000000018000d588 f i libcpmt:cout.obj
 0001:0000c5d4       ??_E?$basic_ostream@DU?$char_traits@D@std@@@std@@UEAAPEAXI@Z 000000018000d5d4 f i libcpmt:cout.obj
 0001:0000c5d4       ??_G?$basic_ostream@DU?$char_traits@D@std@@@std@@UEAAPEAXI@Z 000000018000d5d4 f i libcpmt:cout.obj
 0001:0000c644       ??_E?$basic_streambuf@DU?$char_traits@D@std@@@std@@UEAAPEAXI@Z 000000018000d644 f i libcpmt:cout.obj
 0001:0000c644       ??_G?$basic_streambuf@DU?$char_traits@D@std@@@std@@UEAAPEAXI@Z 000000018000d644 f i libcpmt:cout.obj
 0001:0000c694       ??_Gbad_cast@std@@UEAAPEAXI@Z 000000018000d694 f i libcpmt:cout.obj
 0001:0000c694       ??_Ebad_exception@std@@UEAAPEAXI@Z 000000018000d694 f i libvcruntime:frame.obj
 0001:0000c694       ??_Gbad_array_new_length@std@@UEAAPEAXI@Z 000000018000d694 f i LIBCMT:throw_bad_alloc.obj
 0001:0000c694       ??_Ebad_array_new_length@std@@UEAAPEAXI@Z 000000018000d694 f i LIBCMT:throw_bad_alloc.obj
 0001:0000c694       ??_Gout_of_range@std@@UEAAPEAXI@Z 000000018000d694 f i libcpmt:xthrow.obj
 0001:0000c694       ??_Ebad_cast@std@@UEAAPEAXI@Z 000000018000d694 f i libcpmt:cout.obj
 0001:0000c694       ??_Gbad_alloc@std@@UEAAPEAXI@Z 000000018000d694 f i libcpmt:xthrow.obj
 0001:0000c694       ??_Eout_of_range@std@@UEAAPEAXI@Z 000000018000d694 f i libcpmt:xthrow.obj
 0001:0000c694       ??_Ebad_alloc@std@@UEAAPEAXI@Z 000000018000d694 f i libcpmt:xthrow.obj
 0001:0000c694       ??_Gbad_exception@std@@UEAAPEAXI@Z 000000018000d694 f i libvcruntime:frame.obj
 0001:0000c694       ??_Eexception@std@@UEAAPEAXI@Z 000000018000d694 f i libcpmt:cout.obj
 0001:0000c694       ??_Elength_error@std@@UEAAPEAXI@Z 000000018000d694 f i libcpmt:xthrow.obj
 0001:0000c694       ??_Elogic_error@std@@UEAAPEAXI@Z 000000018000d694 f i libcpmt:xthrow.obj
 0001:0000c694       ??_Gexception@std@@UEAAPEAXI@Z 000000018000d694 f i libcpmt:cout.obj
 0001:0000c694       ??_Glogic_error@std@@UEAAPEAXI@Z 000000018000d694 f i libcpmt:xthrow.obj
 0001:0000c694       ??_Glength_error@std@@UEAAPEAXI@Z 000000018000d694 f i libcpmt:xthrow.obj
 0001:0000c6d8       ??_Gios_base@std@@UEAAPEAXI@Z 000000018000d6d8 f i libcpmt:cout.obj
 0001:0000c6d8       ??_Eios_base@std@@UEAAPEAXI@Z 000000018000d6d8 f i libcpmt:cout.obj
 0001:0000c724       ??_Glocale@std@@QEAAPEAXI@Z 000000018000d724 f i libcpmt:cout.obj
 0001:0000c7b4       ?_Endwrite@?$basic_filebuf@DU?$char_traits@D@std@@@std@@IEAA_NXZ 000000018000d7b4 f i libcpmt:cout.obj
 0001:0000c968       ?_Getcat@?$codecvt@DDU_Mbstatet@@@std@@SA_KPEAPEBVfacet@locale@2@PEBV42@@Z 000000018000d968 f i libcpmt:cout.obj
 0001:0000ca2c       ?_Init@?$basic_filebuf@DU?$char_traits@D@std@@@std@@IEAAXPEAU_iobuf@@W4_Initfl@12@@Z 000000018000da2c f i libcpmt:cout.obj
 0001:0000cb18       ?_Init@ios_base@std@@IEAAXXZ 000000018000db18 f i libcpmt:cout.obj
 0001:0000cb98       ?_Initcvt@?$basic_filebuf@DU?$char_traits@D@std@@@std@@IEAAXPEBV?$codecvt@DDU_Mbstatet@@@2@@Z 000000018000db98 f i libcpmt:cout.obj
 0001:0000cc38       ?_Lock@?$basic_filebuf@DU?$char_traits@D@std@@@std@@UEAAXXZ 000000018000dc38 f i libcpmt:cout.obj
 0001:0000cc54       ?_Unlock@?$basic_filebuf@DU?$char_traits@D@std@@@std@@UEAAXXZ 000000018000dc54 f i libcpmt:cout.obj
 0001:0000cc70       ?do_always_noconv@?$codecvt@DDU_Mbstatet@@@std@@MEBA_NXZ 000000018000dc70 f i libcpmt:cout.obj
 0001:0000cc70       __acrt_uninitialize_command_line 000000018000dc70 f i libucrt:argv_data.obj
 0001:0000cc74       ?do_out@?$codecvt@DDU_Mbstatet@@@std@@MEBAHAEAU_Mbstatet@@PEBD1AEAPEBDPEAD3AEAPEAD@Z 000000018000dc74 f i libcpmt:cout.obj
 0001:0000cc74       ?do_in@?$codecvt@DDU_Mbstatet@@@std@@MEBAHAEAU_Mbstatet@@PEBD1AEAPEBDPEAD3AEAPEAD@Z 000000018000dc74 f i libcpmt:cout.obj
 0001:0000cc90       ?do_length@?$codecvt@DDU_Mbstatet@@@std@@MEBAHAEAU_Mbstatet@@PEBD1_K@Z 000000018000dc90 f i libcpmt:cout.obj
 0001:0000cca4       _get_startup_argv_mode     000000018000dca4 f i LIBCMT:argv_mode.obj
 0001:0000cca4       ?do_encoding@codecvt_base@std@@MEBAHXZ 000000018000dca4 f i libcpmt:cout.obj
 0001:0000cca4       ?do_max_length@codecvt_base@std@@MEBAHXZ 000000018000dca4 f i libcpmt:cout.obj
 0001:0000cca4       DllMain                    000000018000dca4 f i LIBCMT:dll_dllmain_stub.obj
 0001:0000ccac       ?do_unshift@?$codecvt@DDU_Mbstatet@@@std@@MEBAHAEAU_Mbstatet@@PEAD1AEAPEAD@Z 000000018000dcac f i libcpmt:cout.obj
 0001:0000ccb8       ?imbue@?$basic_filebuf@DU?$char_traits@D@std@@@std@@MEAAXAEBVlocale@2@@Z 000000018000dcb8 f i libcpmt:cout.obj
 0001:0000ccdc       ?overflow@?$basic_filebuf@DU?$char_traits@D@std@@@std@@MEAAHH@Z 000000018000dcdc f i libcpmt:cout.obj
 0001:0000cf3c       ?pbackfail@?$basic_filebuf@DU?$char_traits@D@std@@@std@@MEAAHH@Z 000000018000df3c f i libcpmt:cout.obj
 0001:0000d00c       ?underflow@?$basic_streambuf@DU?$char_traits@D@std@@@std@@MEAAHXZ 000000018000e00c f i libcpmt:cout.obj
 0001:0000d00c       ?pbackfail@?$basic_streambuf@DU?$char_traits@D@std@@@std@@MEAAHH@Z 000000018000e00c f i libcpmt:cout.obj
 0001:0000d00c       ?overflow@?$basic_streambuf@DU?$char_traits@D@std@@@std@@MEAAHH@Z 000000018000e00c f i libcpmt:cout.obj
 0001:0000d010       ?seekoff@?$basic_filebuf@DU?$char_traits@D@std@@@std@@MEAA?AV?$fpos@U_Mbstatet@@@2@_JHH@Z 000000018000e010 f i libcpmt:cout.obj
 0001:0000d0fc       ?seekpos@?$basic_streambuf@DU?$char_traits@D@std@@@std@@MEAA?AV?$fpos@U_Mbstatet@@@2@V32@H@Z 000000018000e0fc f i libcpmt:cout.obj
 0001:0000d0fc       ?seekoff@?$basic_streambuf@DU?$char_traits@D@std@@@std@@MEAA?AV?$fpos@U_Mbstatet@@@2@_JHH@Z 000000018000e0fc f i libcpmt:cout.obj
 0001:0000d118       ?seekpos@?$basic_filebuf@DU?$char_traits@D@std@@@std@@MEAA?AV?$fpos@U_Mbstatet@@@2@V32@H@Z 000000018000e118 f i libcpmt:cout.obj
 0001:0000d218       ?setbuf@?$basic_filebuf@DU?$char_traits@D@std@@@std@@MEAAPEAV?$basic_streambuf@DU?$char_traits@D@std@@@2@PEAD_J@Z 000000018000e218 f i libcpmt:cout.obj
 0001:0000d26c       ?sync@?$basic_filebuf@DU?$char_traits@D@std@@@std@@MEAAHXZ 000000018000e26c f i libcpmt:cout.obj
 0001:0000d2cc       ?uflow@?$basic_filebuf@DU?$char_traits@D@std@@@std@@MEAAHXZ 000000018000e2cc f i libcpmt:cout.obj
 0001:0000d564       ?uflow@?$basic_streambuf@DU?$char_traits@D@std@@@std@@MEAAHXZ 000000018000e564 f i libcpmt:cout.obj
 0001:0000d5b0       ?underflow@?$basic_filebuf@DU?$char_traits@D@std@@@std@@MEAAHXZ 000000018000e5b0 f i libcpmt:cout.obj
 0001:0000d628       ?what@exception@std@@UEBAPEBDXZ 000000018000e628 f i libcpmt:cout.obj
 0001:0000d63c       ?widen@?$basic_ios@DU?$char_traits@D@std@@@std@@QEBADD@Z 000000018000e63c f i libcpmt:cout.obj
 0001:0000d6dc       ?xsgetn@?$basic_streambuf@DU?$char_traits@D@std@@@std@@MEAA_JPEAD_J@Z 000000018000e6dc f i libcpmt:cout.obj
 0001:0000d79c       ?xsputn@?$basic_streambuf@DU?$char_traits@D@std@@@std@@MEAA_JPEBD_J@Z 000000018000e79c f i libcpmt:cout.obj
 0001:0000d860       ??4?$_Yarn@D@std@@QEAAAEAV01@PEBD@Z 000000018000e860 f i libcpmt:locale0.obj
 0001:0000d8d8       ??_G_Fac_node@std@@QEAAPEAXI@Z 000000018000e8d8 f i libcpmt:locale0.obj
 0001:0000d964       ??_E_Locimp@locale@std@@MEAAPEAXI@Z 000000018000e964 f i libcpmt:locale0.obj
 0001:0000d964       ??_G_Locimp@locale@std@@MEAAPEAXI@Z 000000018000e964 f i libcpmt:locale0.obj
 0001:0000d9d0       ?_Facet_Register@std@@YAXPEAV_Facet_base@1@@Z 000000018000e9d0 f   libcpmt:locale0.obj
 0001:0000da08       ?_Getgloballocale@locale@std@@CAPEAV_Locimp@12@XZ 000000018000ea08 f   libcpmt:locale0.obj
 0001:0000da10       ?_Init@locale@std@@CAPEAV_Locimp@12@_N@Z 000000018000ea10 f   libcpmt:locale0.obj
 0001:0000dacc       ?_Locimp_dtor@_Locimp@locale@std@@CAXPEAV123@@Z 000000018000eacc f   libcpmt:locale0.obj
 0001:0000db74       ?_Locinfo_ctor@_Locinfo@std@@SAXPEAV12@PEBD@Z 000000018000eb74 f   libcpmt:locale0.obj
 0001:0000dbe0       ?_Locinfo_dtor@_Locinfo@std@@SAXPEAV12@@Z 000000018000ebe0 f   libcpmt:locale0.obj
 0001:0000dc04       ?_New_Locimp@_Locimp@locale@std@@CAPEAV123@_N@Z 000000018000ec04 f   libcpmt:locale0.obj
 0001:0000dc74       ?_Setgloballocale@locale@std@@CAXPEAX@Z 000000018000ec74 f   libcpmt:locale0.obj
 0001:0000dca8       _Deletegloballocale        000000018000eca8 f   libcpmt:locale0.obj
 0001:0000dd30       ??0bad_alloc@std@@QEAA@AEBV01@@Z 000000018000ed30 f i libcpmt:xthrow.obj
 0001:0000dd70       ??0bad_alloc@std@@QEAA@XZ  000000018000ed70 f i libcpmt:xthrow.obj
 0001:0000dd90       ??0length_error@std@@QEAA@AEBV01@@Z 000000018000ed90 f i libcpmt:xthrow.obj
 0001:0000ddd0       ??0length_error@std@@QEAA@PEBD@Z 000000018000edd0 f i libcpmt:xthrow.obj
 0001:0000de1c       ??0logic_error@std@@QEAA@AEBV01@@Z 000000018000ee1c f i libcpmt:xthrow.obj
 0001:0000de5c       ??0out_of_range@std@@QEAA@AEBV01@@Z 000000018000ee5c f i libcpmt:xthrow.obj
 0001:0000de9c       ??0out_of_range@std@@QEAA@PEBD@Z 000000018000ee9c f i libcpmt:xthrow.obj
 0001:0000dee8       ??1bad_exception@std@@UEAA@XZ 000000018000eee8 f i libvcruntime:frame.obj
 0001:0000dee8       ??1length_error@std@@UEAA@XZ 000000018000eee8 f i libcpmt:xthrow.obj
 0001:0000dee8       ??1out_of_range@std@@UEAA@XZ 000000018000eee8 f i libcpmt:xthrow.obj
 0001:0000dee8       ??1bad_array_new_length@std@@UEAA@XZ 000000018000eee8 f i LIBCMT:throw_bad_alloc.obj
 0001:0000dee8       ??1bad_cast@std@@UEAA@XZ   000000018000eee8 f i libcpmt:cout.obj
 0001:0000dee8       ??1bad_alloc@std@@UEAA@XZ  000000018000eee8 f i libcpmt:xthrow.obj
 0001:0000defc       ?_Xlength_error@std@@YAXPEBD@Z 000000018000eefc f   libcpmt:xthrow.obj
 0001:0000df20       ?_Xout_of_range@std@@YAXPEBD@Z 000000018000ef20 f   libcpmt:xthrow.obj
 0001:0000df44       ?_Syserror_map@std@@YAPEBDH@Z 000000018000ef44 f   libcpmt:syserror.obj
 0001:0000df6c       _Getctype                  000000018000ef6c f   libcpmt:_tolower.obj
 0001:0000e02c       _Tolower                   000000018000f02c f   libcpmt:_tolower.obj
 0001:0000e154       _Getcvt                    000000018000f154 f   libcpmt:xwctomb.obj
 0001:0000e1e4       _Toupper                   000000018000f1e4 f   libcpmt:_toupper.obj
 0001:0000e31c       _Mtxdst                    000000018000f31c f   libcpmt:xmtx.obj
 0001:0000e324       _Mtxinit                   000000018000f324 f   libcpmt:xmtx.obj
 0001:0000e334       _Mtxlock                   000000018000f334 f   libcpmt:xmtx.obj
 0001:0000e33c       _Mtxunlock                 000000018000f33c f   libcpmt:xmtx.obj
 0001:0000e344       ?_Addstd@ios_base@std@@SAXPEAV12@@Z 000000018000f344 f   libcpmt:ios.obj
 0001:0000e3b4       ?_Ios_base_dtor@ios_base@std@@CAXPEAV12@@Z 000000018000f3b4 f   libcpmt:ios.obj
 0001:0000e3f8       ?_Tidy@ios_base@std@@AEAAXXZ 000000018000f3f8 f i libcpmt:ios.obj
 0001:0000e488       ?_Atexit@@YAXP6AXXZ@Z      000000018000f488 f   libcpmt:iosptrs.obj
 0001:0000e4c8       __crtLCMapStringA          000000018000f4c8 f   libcpmt:StlLCMapStringA.obj
 0001:0000ec84       __crtInitializeCriticalSectionEx 000000018000fc84 f   libcpmt:winapisupp.obj
 0001:0000ece4       GetTableIndexFromLocaleName 000000018000fce4 f   libcpmt:winapinls.obj
 0001:0000ed70       __crtDownlevelLocaleNameToLCID 000000018000fd70 f   libcpmt:winapinls.obj
 0001:0000eda4       __crtLCMapStringEx         000000018000fda4 f   libcpmt:winapinls.obj
 0001:0000ee60       __wcsnicmp_ascii           000000018000fe60 f   libcpmt:winapinls.obj
 0001:0000eed0       __security_check_cookie    000000018000fed0 f   LIBCMT:_amdsecgs_.obj
 0001:0000f03c       _Init_thread_footer        000000018001003c f   LIBCMT:thread_safe_statics.obj
 0001:0000f09c       _Init_thread_header        000000018001009c f   LIBCMT:thread_safe_statics.obj
 0001:0000f104       _Init_thread_notify        0000000180010104 f   LIBCMT:thread_safe_statics.obj
 0001:0000f160       _Init_thread_wait          0000000180010160 f   LIBCMT:thread_safe_statics.obj
 0001:0000f1f8       __raise_securityfailure    00000001800101f8 f   LIBCMT:gs_report.obj
 0001:0000f22c       __report_gsfailure         000000018001022c f   LIBCMT:gs_report.obj
 0001:0000f300       __report_rangecheckfailure 0000000180010300 f   LIBCMT:gs_report.obj
 0001:0000f314       __report_securityfailure   0000000180010314 f   LIBCMT:gs_report.obj
 0001:0000f494       ??2@YAPEAX_K@Z             0000000180010494 f   LIBCMT:new_scalar.obj
 0001:0000f4d0       __scrt_acquire_startup_lock 00000001800104d0 f   LIBCMT:utility.obj
 0001:0000f50c       __scrt_dllmain_after_initialize_c 000000018001050c f   LIBCMT:utility.obj
 0001:0000f540       __scrt_dllmain_before_initialize_c 0000000180010540 f   LIBCMT:utility.obj
 0001:0000f558       __scrt_dllmain_crt_thread_attach 0000000180010558 f   LIBCMT:utility.obj
 0001:0000f580       __scrt_dllmain_crt_thread_detach 0000000180010580 f   LIBCMT:utility.obj
 0001:0000f598       __scrt_dllmain_exception_filter 0000000180010598 f   LIBCMT:utility.obj
 0001:0000f5fc       __scrt_dllmain_uninitialize_c 00000001800105fc f   LIBCMT:utility.obj
 0001:0000f62c       __scrt_dllmain_uninitialize_critical 000000018001062c f   LIBCMT:utility.obj
 0001:0000f640       __scrt_initialize_crt      0000000180010640 f   LIBCMT:utility.obj
 0001:0000f68c       __scrt_initialize_onexit_tables 000000018001068c f   LIBCMT:utility.obj
 0001:0000f758       __scrt_is_nonwritable_in_current_image 0000000180010758 f   LIBCMT:utility.obj
 0001:0000f7f4       __scrt_release_startup_lock 00000001800107f4 f   LIBCMT:utility.obj
 0001:0000f818       __scrt_uninitialize_crt    0000000180010818 f   LIBCMT:utility.obj
 0001:0000f844       _onexit                    0000000180010844 f   LIBCMT:utility.obj
 0001:0000f894       atexit                     0000000180010894 f   LIBCMT:utility.obj
 0001:0000f8ac       ??3@YAXPEAX@Z              00000001800108ac f   LIBCMT:delete_scalar.obj
 0001:0000f8b4       ??3@YAXPEAX_K@Z            00000001800108b4 f   LIBCMT:delete_scalar_size.obj
 0001:0000f8b4       ??_V@YAXPEAX@Z             00000001800108b4 f   LIBCMT:delete_array.obj
 0001:0000f8bc       ??_U@YAPEAX_K@Z            00000001800108bc f   LIBCMT:new_array.obj
 0001:0000fc10       _DllMainCRTStartup         0000000180010c10 f   LIBCMT:dll_dllmain.obj
 0001:0000fc50       __GSHandlerCheck           0000000180010c50 f   LIBCMT:_gshandler_.obj
 0001:0000fc70       __GSHandlerCheckCommon     0000000180010c70 f   LIBCMT:_gshandler_.obj
 0001:0000fccc       __GSHandlerCheck_EH        0000000180010ccc f   LIBCMT:gshandlereh.obj
 0001:0000fd4c       _guard_check_icall         0000000180010d4c f i LIBCMT:checkcfg.obj
 0001:0000fd54       ??_Gtype_info@@UEAAPEAXI@Z 0000000180010d54 f i LIBCMT:std_type_info_static.obj
 0001:0000fd54       ??_Etype_info@@UEAAPEAXI@Z 0000000180010d54 f i LIBCMT:std_type_info_static.obj
 0001:0000fd90       __chkstk                   0000000180010d90 f   LIBCMT:_chkstk_.obj
 0001:0000fd90       _alloca_probe              0000000180010d90 f   LIBCMT:_chkstk_.obj
 0001:0000fde4       __crt_debugger_hook        0000000180010de4 f   LIBCMT:utility_desktop.obj
 0001:0000fdec       __scrt_fastfail            0000000180010dec f   LIBCMT:utility_desktop.obj
 0001:0000ff34       ??0bad_array_new_length@std@@QEAA@AEBV01@@Z 0000000180010f34 f i LIBCMT:throw_bad_alloc.obj
 0001:0000ff74       ??0bad_array_new_length@std@@QEAA@XZ 0000000180010f74 f i LIBCMT:throw_bad_alloc.obj
 0001:0000ff94       ?__scrt_throw_std_bad_alloc@@YAXXZ 0000000180010f94 f   LIBCMT:throw_bad_alloc.obj
 0001:0000ff94       ?_Xbad_alloc@std@@YAXXZ    0000000180010f94 f   libcpmt:xthrow.obj
 0001:0000ffb4       ?__scrt_throw_std_bad_array_new_length@@YAXXZ 0000000180010fb4 f   LIBCMT:throw_bad_alloc.obj
 0001:0000ffd4       __isa_available_init       0000000180010fd4 f   LIBCMT:_cpu_disp_.obj
 0001:0001019c       __scrt_is_ucrt_dll_in_use  000000018001119c f   LIBCMT:ucrt_detection.obj
 0001:000101a8       __security_init_cookie     00000001800111a8 f   LIBCMT:gs_support.obj
 0001:00010254       ?__scrt_initialize_type_info@@YAXXZ 0000000180011254 f   LIBCMT:tncleanup.obj
 0001:00010264       ?__scrt_uninitialize_type_info@@YAXXZ 0000000180011264 f   LIBCMT:tncleanup.obj
 0001:00010270       __local_stdio_scanf_options 0000000180011270 f i LIBCMT:default_local_stdio_options.obj
 0001:00010278       __scrt_initialize_default_local_stdio_options 0000000180011278 f   LIBCMT:default_local_stdio_options.obj
 0001:00010294       __scrt_get_dyn_tls_init_callback 0000000180011294 f   LIBCMT:dyn_tls_init.obj
 0001:0001029c       _RTC_Initialize            000000018001129c f   LIBCMT:_initsect_.obj
 0001:000102e8       _RTC_Terminate             00000001800112e8 f   LIBCMT:_initsect_.obj
 0001:00010350       memmove                    0000000180011350 f   libvcruntime:memcpy.obj
 0001:00010350       memcpy                     0000000180011350 f   libvcruntime:memcpy.obj
 0001:00010788       _purecall                  0000000180011788 f   libvcruntime:purevirt.obj
 0001:000107c4       memchr                     00000001800117c4 f   libvcruntime:memchr.obj
 0001:000107e0       __DestructExceptionObject  00000001800117e0 f   libvcruntime:frame.obj
 0001:00010868       ??0bad_exception@std@@QEAA@AEBV01@@Z 0000000180011868 f i libvcruntime:frame.obj
 0001:000108a8       ??0bad_exception@std@@QEAA@XZ 00000001800118a8 f i libvcruntime:frame.obj
 0001:00011224       ?_CallMemberFunction0@@YAXPEAXP6AX0@Z@Z 0000000180012224 f i libvcruntime:frame.obj
 0001:00011228       ?_CallMemberFunction1@@YAXPEAXP6AX0@Z0@Z 0000000180012228 f i libvcruntime:frame.obj
 0001:00011234       ?_CallMemberFunction2@@YAXPEAXP6AX0@Z0H@Z 0000000180012234 f i libvcruntime:frame.obj
 0001:00011244       __AdjustPointer            0000000180012244 f   libvcruntime:frame.obj
 0001:00011268       __BuildCatchObject         0000000180012268 f   libvcruntime:frame.obj
 0001:0001132c       __BuildCatchObjectHelper   000000018001232c f   libvcruntime:frame.obj
 0001:0001150c       __CxxCallCatchBlock        000000018001250c f   libvcruntime:frame.obj
 0001:000116f8       __FrameUnwindFilter        00000001800126f8 f   libvcruntime:frame.obj
 0001:00011744       __FrameUnwindToState       0000000180012744 f   libvcruntime:frame.obj
 0001:000118d8       __InternalCxxFrameHandler  00000001800128d8 f   libvcruntime:frame.obj
 0001:00011b30       __TypeMatch                0000000180012b30 f   libvcruntime:frame.obj
 0001:00011c70       __std_terminate            0000000180012c70 f   libvcruntime:frame.obj
 0001:00011c7c       __std_exception_copy       0000000180012c7c f   libvcruntime:std_exception.obj
 0001:00011d0c       __std_exception_destroy    0000000180012d0c f   libvcruntime:std_exception.obj
 0001:00011d34       _CxxThrowException         0000000180012d34 f   libvcruntime:throw.obj
 0001:00011e0c       ?_ExecutionInCatch@@YAHPEAU_xDISPATCHER_CONTEXT@@PEBU_s_FuncInfo@@@Z 0000000180012e0c f   libvcruntime:trnsctrl.obj
 0001:00011e80       ?_GetEstablisherFrame@@YAPEA_KPEA_KPEAU_xDISPATCHER_CONTEXT@@PEBU_s_FuncInfo@@0@Z 0000000180012e80 f   libvcruntime:trnsctrl.obj
 0001:00011f4c       ?_GetRangeOfTrysToCheck@@YAPEBU_s_TryBlockMapEntry@@PEA_KPEBU_s_FuncInfo@@HHPEAI2PEAU_xDISPATCHER_CONTEXT@@@Z 0000000180012f4c f   libvcruntime:trnsctrl.obj
 0001:00012078       ?__FrameUnwindToEmptyState@@YAXPEA_KPEAU_xDISPATCHER_CONTEXT@@PEBU_s_FuncInfo@@@Z 0000000180013078 f   libvcruntime:trnsctrl.obj
 0001:0001210c       ?__SehTransFilter@@YAHPEAU_EXCEPTION_POINTERS@@PEAUEHExceptionRecord@@PEA_KPEAU_CONTEXT@@PEAU_xDISPATCHER_CONTEXT@@PEBU_s_FuncInfo@@PEAH@Z 000000018001310c f   libvcruntime:trnsctrl.obj
 0001:000121a4       _CallSETranslator          00000001800131a4 f   libvcruntime:trnsctrl.obj
 0001:000121fc       _CreateFrameInfo           00000001800131fc f   libvcruntime:trnsctrl.obj
 0001:00012238       _FindAndUnlinkFrame        0000000180013238 f   libvcruntime:trnsctrl.obj
 0001:00012290       _GetImageBase              0000000180013290 f   libvcruntime:trnsctrl.obj
 0001:000122a4       _GetThrowImageBase         00000001800132a4 f   libvcruntime:trnsctrl.obj
 0001:000122b8       _IsExceptionObjectToBeDestroyed 00000001800132b8 f   libvcruntime:trnsctrl.obj
 0001:000122e8       _SetImageBase              00000001800132e8 f   libvcruntime:trnsctrl.obj
 0001:00012300       _SetThrowImageBase         0000000180013300 f   libvcruntime:trnsctrl.obj
 0001:00012318       _UnwindNestedFrames        0000000180013318 f   libvcruntime:trnsctrl.obj
 0001:0001243c       __CxxFrameHandler3         000000018001343c f   libvcruntime:trnsctrl.obj
 0001:000124d0       memset                     00000001800134d0 f   libvcruntime:memset.obj
 0001:00012680       memcmp                     0000000180013680 f   libvcruntime:memcmp.obj
 0001:00012910       __vcrt_FlsAlloc            0000000180013910 f   libvcruntime:winapi_downlevel.obj
 0001:00012964       __vcrt_FlsFree             0000000180013964 f   libvcruntime:winapi_downlevel.obj
 0001:000129b8       __vcrt_FlsGetValue         00000001800139b8 f   libvcruntime:winapi_downlevel.obj
 0001:00012a0c       __vcrt_FlsSetValue         0000000180013a0c f   libvcruntime:winapi_downlevel.obj
 0001:00012a74       __vcrt_InitializeCriticalSectionEx 0000000180013a74 f   libvcruntime:winapi_downlevel.obj
 0001:00012aec       __vcrt_initialize_winapi_thunks 0000000180013aec f   libvcruntime:winapi_downlevel.obj
 0001:00012b38       __vcrt_uninitialize_winapi_thunks 0000000180013b38 f   libvcruntime:winapi_downlevel.obj
 0001:00012b78       __vcrt_initialize          0000000180013b78 f   libvcruntime:initialization.obj
 0001:00012bac       __vcrt_thread_attach       0000000180013bac f   libvcruntime:initialization.obj
 0001:00012bc0       __vcrt_thread_detach       0000000180013bc0 f   libvcruntime:initialization.obj
 0001:00012bd4       __vcrt_uninitialize        0000000180013bd4 f   libvcruntime:initialization.obj
 0001:00012bf4       __vcrt_uninitialize_critical 0000000180013bf4 f   libvcruntime:initialization.obj
 0001:00012c04       __C_specific_handler       0000000180013c04 f   libvcruntime:_chandler_.obj
 0001:00012e00       __std_type_info_compare    0000000180013e00 f   libvcruntime:std_type_info.obj
 0001:00012e28       __std_type_info_destroy_list 0000000180013e28 f   libvcruntime:std_type_info.obj
 0001:00012e54       __vcrt_initialize_pure_virtual_call_handler 0000000180013e54 f   libvcruntime:purevirt_data.obj
 0001:00012e78       __vcrt_freefls             0000000180013e78 f   libvcruntime:per_thread_data.obj
 0001:00012e98       __vcrt_freeptd             0000000180013e98 f   libvcruntime:per_thread_data.obj
 0001:00012ee8       __vcrt_getptd              0000000180013ee8 f   libvcruntime:per_thread_data.obj
 0001:00012f04       __vcrt_getptd_noexit       0000000180013f04 f   libvcruntime:per_thread_data.obj
 0001:00012fbc       __vcrt_initialize_ptd      0000000180013fbc f   libvcruntime:per_thread_data.obj
 0001:00012ffc       __vcrt_uninitialize_ptd    0000000180013ffc f   libvcruntime:per_thread_data.obj
 0001:00013020       ?__GetCurrentState@@YAHPEA_KPEAU_xDISPATCHER_CONTEXT@@PEBU_s_FuncInfo@@@Z 0000000180014020 f   libvcruntime:ehstate.obj
 0001:00013048       ?__GetUnwindTryBlock@@YAHPEA_KPEAU_xDISPATCHER_CONTEXT@@PEBU_s_FuncInfo@@@Z 0000000180014048 f   libvcruntime:ehstate.obj
 0001:00013074       ?__SetState@@YAXPEA_KPEAU_xDISPATCHER_CONTEXT@@PEBU_s_FuncInfo@@H@Z 0000000180014074 f   libvcruntime:ehstate.obj
 0001:00013080       ?__SetUnwindTryBlock@@YAXPEA_KPEAU_xDISPATCHER_CONTEXT@@PEBU_s_FuncInfo@@H@Z 0000000180014080 f   libvcruntime:ehstate.obj
 0001:000130bc       ?__StateFromControlPc@@YAHPEBU_s_FuncInfo@@PEAU_xDISPATCHER_CONTEXT@@@Z 00000001800140bc f   libvcruntime:ehstate.obj
 0001:000130c4       ?__StateFromIp@@YAHPEBU_s_FuncInfo@@PEAU_xDISPATCHER_CONTEXT@@_J@Z 00000001800140c4 f   libvcruntime:ehstate.obj
 0001:00013140       _CallSettingFrame          0000000180014140 f   libvcruntime:handlers.obj
 0001:00013190       _local_unwind              0000000180014190 f   libvcruntime:_jmpuwind_.obj
 0001:000131c0       _NLG_Notify                00000001800141c0 f   libvcruntime:_jmpuwind_.obj
 0001:000131e0       __NLG_Dispatch2            00000001800141e0 f   libvcruntime:_jmpuwind_.obj
 0001:000131f0       __NLG_Return2              00000001800141f0 f   libvcruntime:_jmpuwind_.obj
 0001:000131f4       __vcrt_initialize_locks    00000001800141f4 f   libvcruntime:locks.obj
 0001:0001323c       __vcrt_uninitialize_locks  000000018001423c f   libvcruntime:locks.obj
 0001:00013274       abort                      0000000180014274 f   libucrt:abort.obj
 0001:000132cc       calloc                     00000001800142cc f   libucrt:calloc.obj
 0001:000132d4       __acrt_call_reportfault    00000001800142d4 f   libucrt:invalid_parameter.obj
 0001:00013430       __acrt_initialize_invalid_parameter_handler 0000000180014430 f   libucrt:invalid_parameter.obj
 0001:00013438       _invalid_parameter         0000000180014438 f   libucrt:invalid_parameter.obj
 0001:000134e0       _invalid_parameter_noinfo  00000001800144e0 f   libucrt:invalid_parameter.obj
 0001:00013500       _invalid_parameter_noinfo_noreturn 0000000180014500 f   libucrt:invalid_parameter.obj
 0001:00013530       _invoke_watson             0000000180014530 f   libucrt:invalid_parameter.obj
 0001:00013578       strcspn                    0000000180014578 f   libucrt:strcspn.obj
 0001:000137c0       ??$ensure_buffer_is_big_enough@D@formatting_buffer@__crt_stdio_output@@QEAA_N_K@Z 00000001800147c0 f i libucrt:output.obj
 0001:0001386c       ??$is_wide_character_specifier@D@__crt_stdio_output@@YA_N_KDW4length_modifier@0@@Z 000000018001486c f i libucrt:output.obj
 0001:0001389c       ??$type_case_integer_parse_into_buffer@I@?$output_processor@DV?$string_output_adapter@D@__crt_stdio_output@@V?$format_validation_base@DV?$string_output_adapter@D@__crt_stdio_output@@@2@@__crt_stdio_output@@AEAAXII_N@Z 000000018001489c f i libucrt:output.obj
 0001:0001389c       ??$type_case_integer_parse_into_buffer@I@?$output_processor@DV?$string_output_adapter@D@__crt_stdio_output@@V?$standard_base@DV?$string_output_adapter@D@__crt_stdio_output@@@2@@__crt_stdio_output@@AEAAXII_N@Z 000000018001489c f i libucrt:output.obj
 0001:00013938       ??$type_case_integer_parse_into_buffer@_K@?$output_processor@DV?$string_output_adapter@D@__crt_stdio_output@@V?$format_validation_base@DV?$string_output_adapter@D@__crt_stdio_output@@@2@@__crt_stdio_output@@AEAAX_KI_N@Z 0000000180014938 f i libucrt:output.obj
 0001:00013938       ??$type_case_integer_parse_into_buffer@_K@?$output_processor@DV?$string_output_adapter@D@__crt_stdio_output@@V?$standard_base@DV?$string_output_adapter@D@__crt_stdio_output@@@2@@__crt_stdio_output@@AEAAX_KI_N@Z 0000000180014938 f i libucrt:output.obj
 0001:000139d4       ??$write_multiple_characters@V?$string_output_adapter@D@__crt_stdio_output@@D@__crt_stdio_output@@YAXAEBV?$string_output_adapter@D@0@DHQEAH@Z 00000001800149d4 f i libucrt:output.obj
 0001:00013a30       ??0?$output_processor@DV?$string_output_adapter@D@__crt_stdio_output@@V?$standard_base@DV?$string_output_adapter@D@__crt_stdio_output@@@2@@__crt_stdio_output@@QEAA@AEBV?$string_output_adapter@D@1@_KQEBDQEAU__crt_locale_pointers@@QEAD@Z 0000000180014a30 f i libucrt:output.obj
 0001:00013a30       ??0?$output_processor@DV?$string_output_adapter@D@__crt_stdio_output@@V?$format_validation_base@DV?$string_output_adapter@D@__crt_stdio_output@@@2@@__crt_stdio_output@@QEAA@AEBV?$string_output_adapter@D@1@_KQEBDQEAU__crt_locale_pointers@@QEAD@Z 0000000180014a30 f i libucrt:output.obj
 0001:00013aac       ??0_LocaleUpdate@@QEAA@QEAU__crt_locale_pointers@@@Z 0000000180014aac f i libucrt:output.obj
 0001:00013b3c       ?force_decimal_point@__crt_stdio_output@@YAXPEADQEAU__crt_locale_pointers@@@Z 0000000180014b3c f i libucrt:output.obj
 0001:00013bac       ?parse_int_from_format_string@?$output_processor@DV?$string_output_adapter@D@__crt_stdio_output@@V?$format_validation_base@DV?$string_output_adapter@D@__crt_stdio_output@@@2@@__crt_stdio_output@@AEAA_NQEAH@Z 0000000180014bac f i libucrt:output.obj
 0001:00013bac       ?parse_int_from_format_string@?$output_processor@DV?$string_output_adapter@D@__crt_stdio_output@@V?$standard_base@DV?$string_output_adapter@D@__crt_stdio_output@@@2@@__crt_stdio_output@@AEAA_NQEAH@Z 0000000180014bac f i libucrt:output.obj
 0001:00013c30       ?process@?$output_processor@DV?$string_output_adapter@D@__crt_stdio_output@@V?$format_validation_base@DV?$string_output_adapter@D@__crt_stdio_output@@@2@@__crt_stdio_output@@QEAAHXZ 0000000180014c30 f i libucrt:output.obj
 0001:00013e44       ?process@?$output_processor@DV?$string_output_adapter@D@__crt_stdio_output@@V?$standard_base@DV?$string_output_adapter@D@__crt_stdio_output@@@2@@__crt_stdio_output@@QEAAHXZ 0000000180014e44 f i libucrt:output.obj
 0001:00014048       ?state_case_normal@?$output_processor@DV?$string_output_adapter@D@__crt_stdio_output@@V?$format_validation_base@DV?$string_output_adapter@D@__crt_stdio_output@@@2@@__crt_stdio_output@@AEAA_NXZ 0000000180015048 f i libucrt:output.obj
 0001:00014048       ?state_case_normal@?$output_processor@DV?$string_output_adapter@D@__crt_stdio_output@@V?$standard_base@DV?$string_output_adapter@D@__crt_stdio_output@@@2@@__crt_stdio_output@@AEAA_NXZ 0000000180015048 f i libucrt:output.obj
 0001:000140bc       ?state_case_normal_tchar@?$output_processor@DV?$string_output_adapter@D@__crt_stdio_output@@V?$standard_base@DV?$string_output_adapter@D@__crt_stdio_output@@@2@@__crt_stdio_output@@AEAA_ND@Z 00000001800150bc f i libucrt:output.obj
 0001:000140bc       ?state_case_normal_tchar@?$output_processor@DV?$string_output_adapter@D@__crt_stdio_output@@V?$format_validation_base@DV?$string_output_adapter@D@__crt_stdio_output@@@2@@__crt_stdio_output@@AEAA_ND@Z 00000001800150bc f i libucrt:output.obj
 0001:00014154       ?state_case_size@?$output_processor@DV?$string_output_adapter@D@__crt_stdio_output@@V?$format_validation_base@DV?$string_output_adapter@D@__crt_stdio_output@@@2@@__crt_stdio_output@@AEAA_NXZ 0000000180015154 f i libucrt:output.obj
 0001:00014154       ?state_case_size@?$output_processor@DV?$string_output_adapter@D@__crt_stdio_output@@V?$standard_base@DV?$string_output_adapter@D@__crt_stdio_output@@@2@@__crt_stdio_output@@AEAA_NXZ 0000000180015154 f i libucrt:output.obj
 0001:000142d0       ?state_case_type@?$output_processor@DV?$string_output_adapter@D@__crt_stdio_output@@V?$format_validation_base@DV?$string_output_adapter@D@__crt_stdio_output@@@2@@__crt_stdio_output@@AEAA_NXZ 00000001800152d0 f i libucrt:output.obj
 0001:000142d0       ?state_case_type@?$output_processor@DV?$string_output_adapter@D@__crt_stdio_output@@V?$standard_base@DV?$string_output_adapter@D@__crt_stdio_output@@@2@@__crt_stdio_output@@AEAA_NXZ 00000001800152d0 f i libucrt:output.obj
 0001:0001454c       ?type_case_Z@?$output_processor@DV?$string_output_adapter@D@__crt_stdio_output@@V?$standard_base@DV?$string_output_adapter@D@__crt_stdio_output@@@2@@__crt_stdio_output@@AEAA_NXZ 000000018001554c f i libucrt:output.obj
 0001:0001454c       ?type_case_Z@?$output_processor@DV?$string_output_adapter@D@__crt_stdio_output@@V?$format_validation_base@DV?$string_output_adapter@D@__crt_stdio_output@@@2@@__crt_stdio_output@@AEAA_NXZ 000000018001554c f i libucrt:output.obj
 0001:000145cc       ?type_case_a@?$output_processor@DV?$string_output_adapter@D@__crt_stdio_output@@V?$standard_base@DV?$string_output_adapter@D@__crt_stdio_output@@@2@@__crt_stdio_output@@AEAA_NXZ 00000001800155cc f i libucrt:output.obj
 0001:000145cc       ?type_case_a@?$output_processor@DV?$string_output_adapter@D@__crt_stdio_output@@V?$format_validation_base@DV?$string_output_adapter@D@__crt_stdio_output@@@2@@__crt_stdio_output@@AEAA_NXZ 00000001800155cc f i libucrt:output.obj
 0001:000147e8       ?type_case_c_tchar@?$output_processor@DV?$string_output_adapter@D@__crt_stdio_output@@V?$standard_base@DV?$string_output_adapter@D@__crt_stdio_output@@@2@@__crt_stdio_output@@AEAA_ND@Z 00000001800157e8 f i libucrt:output.obj
 0001:000147e8       ?type_case_c_tchar@?$output_processor@DV?$string_output_adapter@D@__crt_stdio_output@@V?$format_validation_base@DV?$string_output_adapter@D@__crt_stdio_output@@@2@@__crt_stdio_output@@AEAA_ND@Z 00000001800157e8 f i libucrt:output.obj
 0001:0001489c       ?type_case_integer@?$output_processor@DV?$string_output_adapter@D@__crt_stdio_output@@V?$format_validation_base@DV?$string_output_adapter@D@__crt_stdio_output@@@2@@__crt_stdio_output@@AEAA_NI_N@Z 000000018001589c f i libucrt:output.obj
 0001:0001489c       ?type_case_integer@?$output_processor@DV?$string_output_adapter@D@__crt_stdio_output@@V?$standard_base@DV?$string_output_adapter@D@__crt_stdio_output@@@2@@__crt_stdio_output@@AEAA_NI_N@Z 000000018001589c f i libucrt:output.obj
 0001:00014a3c       ?type_case_n@?$output_processor@DV?$string_output_adapter@D@__crt_stdio_output@@V?$standard_base@DV?$string_output_adapter@D@__crt_stdio_output@@@2@@__crt_stdio_output@@AEAA_NXZ 0000000180015a3c f i libucrt:output.obj
 0001:00014a3c       ?type_case_n@?$output_processor@DV?$string_output_adapter@D@__crt_stdio_output@@V?$format_validation_base@DV?$string_output_adapter@D@__crt_stdio_output@@@2@@__crt_stdio_output@@AEAA_NXZ 0000000180015a3c f i libucrt:output.obj
 0001:00014b18       ?type_case_s@?$output_processor@DV?$string_output_adapter@D@__crt_stdio_output@@V?$standard_base@DV?$string_output_adapter@D@__crt_stdio_output@@@2@@__crt_stdio_output@@AEAA_NXZ 0000000180015b18 f i libucrt:output.obj
 0001:00014b18       ?type_case_s@?$output_processor@DV?$string_output_adapter@D@__crt_stdio_output@@V?$format_validation_base@DV?$string_output_adapter@D@__crt_stdio_output@@@2@@__crt_stdio_output@@AEAA_NXZ 0000000180015b18 f i libucrt:output.obj
 0001:00014ba8       ?write_stored_string_tchar@?$output_processor@DV?$string_output_adapter@D@__crt_stdio_output@@V?$format_validation_base@DV?$string_output_adapter@D@__crt_stdio_output@@@2@@__crt_stdio_output@@AEAA_ND@Z 0000000180015ba8 f i libucrt:output.obj
 0001:00014ba8       ?write_stored_string_tchar@?$output_processor@DV?$string_output_adapter@D@__crt_stdio_output@@V?$standard_base@DV?$string_output_adapter@D@__crt_stdio_output@@@2@@__crt_stdio_output@@AEAA_ND@Z 0000000180015ba8 f i libucrt:output.obj
 0001:00014c80       ?write_string@?$string_output_adapter@D@__crt_stdio_output@@QEBAXQEBDHQEAH1@Z 0000000180015c80 f i libucrt:output.obj
 0001:00014d3c       __stdio_common_vsprintf    0000000180015d3c f   libucrt:output.obj
 0001:00014f70       __stdio_common_vsprintf_s  0000000180015f70 f   libucrt:output.obj
 0001:00014fd4       localeconv                 0000000180015fd4 f   libucrt:localeconv.obj
 0001:00015008       free                       0000000180016008 f   libucrt:free.obj
 0001:00015010       frexp                      0000000180016010 f   libucrt:frexp.obj
 0001:000151f0       setlocale                  00000001800161f0 f   libucrt:setlocale.obj
 0001:000153bc       _Strftime_l                00000001800163bc f   libucrt:strftime.obj
 0001:00015564       strftime                   0000000180016564 f   libucrt:strftime.obj
 0001:00015618       _time64                    0000000180016618 f   libucrt:time.obj
 0001:00015974       _localtime64               0000000180016974 f   libucrt:localtime.obj
 0001:00015cf0       _wcstombs_s_l              0000000180016cf0 f   libucrt:wcstombs.obj
 0001:00015ddc       __acrt_initialize_locks    0000000180016ddc f   libucrt:locks.obj
 0001:00015e24       __acrt_lock                0000000180016e24 f   libucrt:locks.obj
 0001:00015e40       __acrt_uninitialize_locks  0000000180016e40 f   libucrt:locks.obj
 0001:00015e78       __acrt_unlock              0000000180016e78 f   libucrt:locks.obj
 0001:00015e94       _lock_locales              0000000180016e94 f   libucrt:locks.obj
 0001:00015ea4       _unlock_locales            0000000180016ea4 f   libucrt:locks.obj
 0001:00015eb4       __acrt_errno_from_os_error 0000000180016eb4 f   libucrt:errno.obj
 0001:00015efc       __acrt_errno_map_os_error  0000000180016efc f   libucrt:errno.obj
 0001:00015f4c       __doserrno                 0000000180016f4c f   libucrt:errno.obj
 0001:00015f6c       _errno                     0000000180016f6c f   libucrt:errno.obj
 0001:00015f8c       __acrt_initialize_stdio    0000000180016f8c f   libucrt:_file.obj
 0001:000160ac       __acrt_iob_func            00000001800170ac f   libucrt:_file.obj
 0001:000160c0       __acrt_uninitialize_stdio  00000001800170c0 f   libucrt:_file.obj
 0001:0001611c       _get_stream_buffer_pointers 000000018001711c f   libucrt:_file.obj
 0001:00016164       _lock_file                 0000000180017164 f   libucrt:_file.obj
 0001:00016170       _unlock_file               0000000180017170 f   libucrt:_file.obj
 0001:0001617c       _fclose_nolock             000000018001717c f   libucrt:fclose.obj
 0001:00016200       fclose                     0000000180017200 f   libucrt:fclose.obj
 0001:0001626c       __acrt_stdio_flush_nolock  000000018001726c f   libucrt:fflush.obj
 0001:000162e4       _fflush_nolock             00000001800172e4 f   libucrt:fflush.obj
 0001:00016330       _flushall                  0000000180017330 f   libucrt:fflush.obj
 0001:00016420       fflush                     0000000180017420 f   libucrt:fflush.obj
 0001:00016464       _fgetc_nolock              0000000180017464 f   libucrt:fgetc.obj
 0001:000164a8       fgetc                      00000001800174a8 f   libucrt:fgetc.obj
 0001:000165ac       fgetpos                    00000001800175ac f   libucrt:fgetpos.obj
 0001:000165f8       fputc                      00000001800175f8 f   libucrt:fputc.obj
 0001:00016718       fsetpos                    0000000180017718 f   libucrt:fsetpos.obj
 0001:000169c4       _fseeki64                  00000001800179c4 f   libucrt:fseek.obj
 0001:000169cc       ??$?RV<lambda_5d4c3fee44080f75d5d9762853974fe0>@@AEAV<lambda_532e024f4337e6fc7ad266c2bef9f4ed>@@V<lambda_c87bdc10097eb2402edb8ba9bdf0697b>@@@?$__crt_seh_guarded_call@_K@@QEAA_K$$QEAV<lambda_5d4c3fee44080f75d5d9762853974fe0>@@AEAV<lambda_532e024f4337e6fc7ad266c2bef9f4ed>@@$$QEAV<lambda_c87bdc10097eb2402edb8ba9bdf0697b>@@@Z 00000001800179cc f i libucrt:fwrite.obj
 0001:00016a70       _fwrite_nolock             0000000180017a70 f   libucrt:fwrite.obj
 0001:00016c0c       fwrite                     0000000180017c0c f   libucrt:fwrite.obj
 0001:00016c90       ??$?RV<lambda_7a5ef57ff966f610505f1d28a3d40618>@@AEAV<lambda_b721fa326cdb32351d23dfa67958c160>@@V<lambda_5e0fb27672408a07956fe59e48ccb2aa>@@@?$__crt_seh_guarded_call@H@@QEAAH$$QEAV<lambda_7a5ef57ff966f610505f1d28a3d40618>@@AEAV<lambda_b721fa326cdb32351d23dfa67958c160>@@$$QEAV<lambda_5e0fb27672408a07956fe59e48ccb2aa>@@@Z 0000000180017c90 f i libucrt:setvbuf.obj
 0001:00016dc0       setvbuf                    0000000180017dc0 f   libucrt:setvbuf.obj
 0001:00016e60       _ungetc_nolock             0000000180017e60 f   libucrt:ungetc.obj
 0001:00016f70       ungetc                     0000000180017f70 f   libucrt:ungetc.obj
 0001:00016fd0       malloc                     0000000180017fd0 f   libucrt:malloc.obj
 0001:00016fd8       _calloc_base               0000000180017fd8 f   libucrt:calloc_base.obj
 0001:00017050       __pctype_func              0000000180018050 f   libucrt:ctype.obj
 0001:00017080       isdigit                    0000000180018080 f i libucrt:_ctype.obj
 0001:000170f4       islower                    00000001800180f4 f i libucrt:_ctype.obj
 0001:00017168       isupper                    0000000180018168 f i libucrt:_ctype.obj
 0001:000171dc       _wcsdup                    00000001800181dc f   libucrt:wcsdup.obj
 0001:00017260       ___lc_codepage_func        0000000180018260 f   libucrt:initctype.obj
 0001:00017290       ___lc_locale_name_func     0000000180018290 f   libucrt:initctype.obj
 0001:000172c4       ___mb_cur_max_func         00000001800182c4 f   libucrt:initctype.obj
 0001:000172f4       __acrt_locale_initialize_ctype 00000001800182f4 f   libucrt:initctype.obj
 0001:00017940       _ismbblead                 0000000180018940 f   libucrt:ismbbyte.obj
 0001:00017954       _malloc_base               0000000180018954 f   libucrt:malloc_base.obj
 0001:000179b4       _realloc_base              00000001800189b4 f   libucrt:realloc_base.obj
 0001:00017a40       ?divide@__crt_strtox@@YA_KAEAUbig_integer@1@AEBU21@@Z 0000000180018a40 f i libucrt:strtod.obj
 0001:00017fa0       pow                        0000000180018fa0 f   libucrt:pow.obj
 0001:00019640       powf                       000000018001a640 f   libucrt:powf.obj
 0001:0001a508       __strncnt                  000000018001b508 f   libucrt:strncnt.obj
 0001:0001a520       _free_base                 000000018001b520 f   libucrt:free_base.obj
 0001:0001a560       ??$__crt_time_is_leap_year@H@@YA_NH@Z 000000018001b560 f i libucrt:wcsftime.obj
 0001:0001bd08       _Wcsftime_l                000000018001cd08 f   libucrt:wcsftime.obj
 0001:0001befc       _tolower_l                 000000018001cefc f   libucrt:tolower_toupper.obj
 0001:0001c03c       tolower                    000000018001d03c f   libucrt:tolower_toupper.obj
 0001:0001c068       wcscpy_s                   000000018001d068 f   libucrt:wcscpy_s.obj
 0001:0001c0d0       strnlen                    000000018001d0d0 f   libucrt:strnlen.obj
 0001:0001c22c       wcsnlen                    000000018001d22c f   libucrt:strnlen.obj
 0001:0001c41c       __acrt_initialize_new_handler 000000018001d41c f   libucrt:new_handler.obj
 0001:0001c424       _callnewh                  000000018001d424 f   libucrt:new_handler.obj
 0001:0001c464       _query_new_handler         000000018001d464 f   libucrt:new_handler.obj
 0001:0001c498       _seh_filter_dll            000000018001d498 f   libucrt:exception_filter.obj
 0001:0001c4ac       _seh_filter_exe            000000018001d4ac f   libucrt:exception_filter.obj
 0001:0001c86c       __acrt_initialize_thread_local_exit_callback 000000018001d86c f   libucrt:exit.obj
 0001:0001c874       _cexit                     000000018001d874 f   libucrt:exit.obj
 0001:0001c884       _exit                      000000018001d884 f   libucrt:exit.obj
 0001:0001c890       _is_c_termination_complete 000000018001d890 f   libucrt:exit.obj
 0001:0001ca54       __acrt_allocate_buffer_for_argv 000000018001da54 f   libucrt:argv_parsing.obj
 0001:0001cab8       _configure_narrow_argv     000000018001dab8 f   libucrt:argv_parsing.obj
 0001:0001cf30       __dcrt_get_or_create_narrow_environment_nolock 000000018001df30 f   libucrt:environment_initialization.obj
 0001:0001cf38       __dcrt_uninitialize_environments_nolock 000000018001df38 f   libucrt:environment_initialization.obj
 0001:0001cf70       _initialize_narrow_environment 000000018001df70 f   libucrt:environment_initialization.obj
 0001:0001cf78       ??$?RV<lambda_b8c45f8f788dd370798f47cfe8ac3a86>@@AEAV<lambda_4e60a939b0d047cfe11ddc22648dfba9>@@V<lambda_332c3edc96d0294ec56c57d38c1cdfd5>@@@?$__crt_seh_guarded_call@H@@QEAAH$$QEAV<lambda_b8c45f8f788dd370798f47cfe8ac3a86>@@AEAV<lambda_4e60a939b0d047cfe11ddc22648dfba9>@@$$QEAV<lambda_332c3edc96d0294ec56c57d38c1cdfd5>@@@Z 000000018001df78 f i libucrt:onexit.obj
 0001:0001cfb4       ??$?RV<lambda_e24bbb7b643b32fcea6fa61b31d4c984>@@AEAV<lambda_275893d493268fdec8709772e3fcec0e>@@V<lambda_9d71df4d7cf3f480f8d633942495c3b0>@@@?$__crt_seh_guarded_call@H@@QEAAH$$QEAV<lambda_e24bbb7b643b32fcea6fa61b31d4c984>@@AEAV<lambda_275893d493268fdec8709772e3fcec0e>@@$$QEAV<lambda_9d71df4d7cf3f480f8d633942495c3b0>@@@Z 000000018001dfb4 f i libucrt:onexit.obj
 0001:0001d330       _crt_atexit                000000018001e330 f   libucrt:onexit.obj
 0001:0001d340       _execute_onexit_table      000000018001e340 f   libucrt:onexit.obj
 0001:0001d37c       _initialize_onexit_table   000000018001e37c f   libucrt:onexit.obj
 0001:0001d3bc       _register_onexit_function  000000018001e3bc f   libucrt:onexit.obj
 0001:0001d538       __acrt_initialize          000000018001e538 f   libucrt:initialization.obj
 0001:0001d54c       __acrt_thread_attach       000000018001e54c f   libucrt:initialization.obj
 0001:0001d560       __acrt_thread_detach       000000018001e560 f   libucrt:initialization.obj
 0001:0001d570       __acrt_uninitialize        000000018001e570 f   libucrt:initialization.obj
 0001:0001d584       __acrt_uninitialize_critical 000000018001e584 f   libucrt:initialization.obj
 0001:0001d594       _initterm                  000000018001e594 f   libucrt:initterm.obj
 0001:0001d60c       _initterm_e                000000018001e60c f   libucrt:initterm.obj
 0001:0001d658       terminate                  000000018001e658 f   libucrt:terminate.obj
 0001:0001d680       strcpy_s                   000000018001e680 f   libucrt:strcpy_s.obj
 0001:0001d6e0       ??$is_overflow_condition@K@__crt_strtox@@YA_NIK@Z 000000018001e6e0 f i libucrt:atox.obj
 0001:0001d70c       ??$make_c_string_character_source@DPEAPEAD@__crt_strtox@@YA?AV?$c_string_character_source@D@0@QEBDQEAPEAD@Z 000000018001e70c f i libucrt:strtod.obj
 0001:0001d70c       ??$make_c_string_character_source@_W$$T@__crt_strtox@@YA?AV?$c_string_character_source@_W@0@QEB_W$$T@Z 000000018001e70c f i libucrt:atox.obj
 0001:0001d70c       ??$make_c_string_character_source@D$$T@__crt_strtox@@YA?AV?$c_string_character_source@D@0@QEBD$$T@Z 000000018001e70c f i libucrt:atox.obj
 0001:0001d720       ??$parse_integer@KV?$c_string_character_source@D@__crt_strtox@@@__crt_strtox@@YAKQEAU__crt_locale_pointers@@V?$c_string_character_source@D@0@H_N@Z 000000018001e720 f i libucrt:atox.obj
 0001:0001da34       ??$parse_integer@KV?$c_string_character_source@_W@__crt_strtox@@@__crt_strtox@@YAKQEAU__crt_locale_pointers@@V?$c_string_character_source@_W@0@H_N@Z 000000018001ea34 f i libucrt:atox.obj
 0001:0001e108       _wtol                      000000018001f108 f   libucrt:atox.obj
 0001:0001e134       atol                       000000018001f134 f   libucrt:atox.obj
 0001:0001e160       ??$?RV<lambda_c36588078e9f5dfd39652860aa6b3aaf>@@AEAV<lambda_ec61778202f4f5fc7e7711acc23c3bca>@@V<lambda_dc9d2797ccde5d239b4a0efae8ebd7db>@@@?$__crt_seh_guarded_call@P6AXH@Z@@QEAAP6AXH@Z$$QEAV<lambda_c36588078e9f5dfd39652860aa6b3aaf>@@AEAV<lambda_ec61778202f4f5fc7e7711acc23c3bca>@@$$QEAV<lambda_dc9d2797ccde5d239b4a0efae8ebd7db>@@@Z 000000018001f160 f i libucrt:signal.obj
 0001:0001e1a8       __acrt_get_sigabrt_handler 000000018001f1a8 f   libucrt:signal.obj
 0001:0001e1d8       __acrt_initialize_signal_handlers 000000018001f1d8 f   libucrt:signal.obj
 0001:0001e1f8       raise                      000000018001f1f8 f   libucrt:signal.obj
 0001:0001e494       ??$?RV<lambda_46352004c1216016012b18bd6f87e700>@@AEAV<lambda_3bd07e1a1191394380780325891bf33f>@@V<lambda_334532d3f185bcaa59b5be82d7d22bff>@@@?$__crt_seh_guarded_call@X@@QEAAX$$QEAV<lambda_46352004c1216016012b18bd6f87e700>@@AEAV<lambda_3bd07e1a1191394380780325891bf33f>@@$$QEAV<lambda_334532d3f185bcaa59b5be82d7d22bff>@@@Z 000000018001f494 f i libucrt:per_thread_data.obj
 0001:0001e4f4       ??$?RV<lambda_5e887d1dcbef67a5eb4283622ba103bf>@@AEAV<lambda_4466841279450cc726390878d4a41900>@@V<lambda_341c25c0346d94847f1f3c463c57e077>@@@?$__crt_seh_guarded_call@X@@QEAAX$$QEAV<lambda_5e887d1dcbef67a5eb4283622ba103bf>@@AEAV<lambda_4466841279450cc726390878d4a41900>@@$$QEAV<lambda_341c25c0346d94847f1f3c463c57e077>@@@Z 000000018001f4f4 f i libucrt:per_thread_data.obj
 0001:0001e53c       ??$?RV<lambda_72d1df2b273a38828b1ce30cbf4cdab5>@@AEAV<lambda_876a65b173b8412d3a47c70a915b0cf4>@@V<lambda_41932305e351933ebe8f8be3ed8bb5dc>@@@?$__crt_seh_guarded_call@X@@QEAAX$$QEAV<lambda_72d1df2b273a38828b1ce30cbf4cdab5>@@AEAV<lambda_876a65b173b8412d3a47c70a915b0cf4>@@$$QEAV<lambda_41932305e351933ebe8f8be3ed8bb5dc>@@@Z 000000018001f53c f i libucrt:per_thread_data.obj
 0001:0001e57c       ??$?RV<lambda_fb3a7dec4e47f37f22dae91bb15c9095>@@AEAV<lambda_698284760c8add0bfb0756c19673e34b>@@V<lambda_dfb8eca1e75fef3034a8fb18dd509707>@@@?$__crt_seh_guarded_call@X@@QEAAX$$QEAV<lambda_fb3a7dec4e47f37f22dae91bb15c9095>@@AEAV<lambda_698284760c8add0bfb0756c19673e34b>@@$$QEAV<lambda_dfb8eca1e75fef3034a8fb18dd509707>@@@Z 000000018001f57c f i libucrt:per_thread_data.obj
 0001:0001e80c       __acrt_freeptd             000000018001f80c f   libucrt:per_thread_data.obj
 0001:0001e850       __acrt_getptd              000000018001f850 f   libucrt:per_thread_data.obj
 0001:0001e8e4       __acrt_getptd_noexit       000000018001f8e4 f   libucrt:per_thread_data.obj
 0001:0001e984       __acrt_initialize_ptd      000000018001f984 f   libucrt:per_thread_data.obj
 0001:0001e9c0       __acrt_uninitialize_ptd    000000018001f9c0 f   libucrt:per_thread_data.obj
 0001:0001e9e4       strtol                     000000018001f9e4 f   libucrt:strtox.obj
 0001:0001ea14       _mbtowc_l                  000000018001fa14 f   libucrt:mbtowc.obj
 0001:0001eb5c       mbtowc                     000000018001fb5c f   libucrt:mbtowc.obj
 0001:0001eb64       _wctomb_s_l                000000018001fb64 f   libucrt:wctomb.obj
 0001:0001ece8       wctomb_s                   000000018001fce8 f   libucrt:wctomb.obj
 0001:0001ecfc       __acrt_update_locale_info  000000018001fcfc f   libucrt:locale_update.obj
 0001:0001ed30       __acrt_update_multibyte_info 000000018001fd30 f   libucrt:locale_update.obj
 0001:0001ed64       ?__acrt_fp_classify@@YA?AW4__acrt_fp_class@@AEBN@Z 000000018001fd64 f i libucrt:cvt.obj
 0001:0001f79c       __acrt_fp_format           000000018002079c f   libucrt:cvt.obj
 0001:0001f9e0       _fileno                    00000001800209e0 f   libucrt:fileno.obj
 0001:0001fa08       _get_printf_count_output   0000000180020a08 f   libucrt:printf_count_output.obj
 0001:0001fa20       __acrt_stdio_begin_temporary_buffering_nolock 0000000180020a20 f   libucrt:_sftbuf.obj
 0001:0001faf0       __acrt_stdio_end_temporary_buffering_nolock 0000000180020af0 f   libucrt:_sftbuf.obj
 0001:0001fb2c       ?sync@?$basic_streambuf@DU?$char_traits@D@std@@@std@@MEAAHXZ 0000000180020b2c f   libcpmt:cout.obj
 0001:0001fb2c       ?showmanyc@?$basic_streambuf@DU?$char_traits@D@std@@@std@@MEAA_JXZ 0000000180020b2c f   libcpmt:cout.obj
 0001:0001fb30       ??$?RV<lambda_5df02c53a8f32f81fd64e5bbb78039f1>@@AEAV<lambda_2af78c5f5901b1372d98f9ab3177dfa6>@@AEAV<lambda_f51fe5fd7c79a33db34fc9310f277369>@@@?$__crt_seh_guarded_call@X@@QEAAX$$QEAV<lambda_5df02c53a8f32f81fd64e5bbb78039f1>@@AEAV<lambda_2af78c5f5901b1372d98f9ab3177dfa6>@@AEAV<lambda_f51fe5fd7c79a33db34fc9310f277369>@@@Z 0000000180020b30 f i libucrt:wsetlocale.obj
 0001:0001fb5c       ??$?RV<lambda_d67e8342c384adda8f857579ab50b2ae>@@AEAV<lambda_30712929f77e709619002f448b6a9510>@@V<lambda_4525336fd7e478d965fb7ca7a337cad8>@@@?$__crt_seh_guarded_call@X@@QEAAX$$QEAV<lambda_d67e8342c384adda8f857579ab50b2ae>@@AEAV<lambda_30712929f77e709619002f448b6a9510>@@$$QEAV<lambda_4525336fd7e478d965fb7ca7a337cad8>@@@Z 0000000180020b5c f i libucrt:wsetlocale.obj
 0001:0001fd28       __acrt_copy_locale_name    0000000180020d28 f   libucrt:wsetlocale.obj
 0001:0001fdac       __acrt_set_locale_changed  0000000180020dac f   libucrt:wsetlocale.obj
 0001:0001fdb8       __acrt_uninitialize_locale 0000000180020db8 f   libucrt:wsetlocale.obj
 0001:0001fe00       __lc_lctowcs               0000000180020e00 f   libucrt:wsetlocale.obj
 0001:0001fea4       __lc_wcstolc               0000000180020ea4 f   libucrt:wsetlocale.obj
 0001:0002011c       _expandlocale              000000018002111c f   libucrt:wsetlocale.obj
 0001:00020518       _wcscats                   0000000180021518 f   libucrt:wsetlocale.obj
 0001:00020580       _wsetlocale                0000000180021580 f   libucrt:wsetlocale.obj
 0001:00020fb4       __acrt_initialize_lowio    0000000180021fb4 f   libucrt:ioinit.obj
 0001:00020ff0       __acrt_uninitialize_lowio  0000000180021ff0 f   libucrt:ioinit.obj
 0001:00021030       _dsign                     0000000180022030 f   libucrt:nan.obj
 0001:00021048       _errcode                   0000000180022048 f   libucrt:fpexcept.obj
 0001:0002108c       _except1                   000000018002208c f   libucrt:fpexcept.obj
 0001:00021180       _handle_exc                0000000180022180 f   libucrt:fpexcept.obj
 0001:000213e8       _raise_exc                 00000001800223e8 f   libucrt:fpexcept.obj
 0001:00021410       _raise_exc_ex              0000000180022410 f   libucrt:fpexcept.obj
 0001:00021718       _raise_excf                0000000180022718 f   libucrt:fpexcept.obj
 0001:00021744       _set_errno_from_matherr    0000000180022744 f   libucrt:fpexcept.obj
 0001:00021774       _umatherr                  0000000180022774 f   libucrt:fpexcept.obj
 0001:00021848       _decomp                    0000000180022848 f   libucrt:util.obj
 0001:0002197c       _sptype                    000000018002297c f   libucrt:util.obj
 0001:000219f0       _clrfp                     00000001800229f0 f   libucrt:fpctrl.obj
 0001:00021a10       _ctrlfp                    0000000180022a10 f   libucrt:fpctrl.obj
 0001:00021a8c       _set_statfp                0000000180022a8c f   libucrt:fpctrl.obj
 0001:00021aac       _statfp                    0000000180022aac f   libucrt:fpctrl.obj
 0001:00021c9c       _mbstowcs_s_l              0000000180022c9c f   libucrt:mbstowcs.obj
 0001:00021dcc       mbstowcs_s                 0000000180022dcc f   libucrt:mbstowcs.obj
[...]
 0004:000021fc       $pdata$_itow_s             000000018008d1fc     libucrt:xtoa.obj
 0004:00002208       $pdata$_wcsnicmp           000000018008d208     libucrt:wcsnicmp.obj
 0004:00002214       $pdata$_wcsnicmp_l         000000018008d214     libucrt:wcsnicmp.obj
 0004:00002220       $pdata$__dcrt_lowio_initialize_console_output 000000018008d220     libucrt:initcon.obj
 0004:0000222c       $pdata$__dcrt_terminate_console_output 000000018008d22c     libucrt:initcon.obj
 0004:00002238       $pdata$_clearfp            000000018008d238     libucrt:ieee.obj
 0004:00002244       $pdata$common_control87    000000018008d244     libucrt:ieee.obj
 0004:00002250       $pdata$__acrt_LCMapStringW 000000018008d250     libucrt:lcmapstringw.obj
 0004:0000225c       $pdata$_strnicmp           000000018008d25c     libucrt:strnicmp.obj
 0004:00002268       $pdata$_strnicmp_l         000000018008d268     libucrt:strnicmp.obj
 0004:00002274       $pdata$?InternalCompareStringA@@YAHPEAU__crt_locale_pointers@@PEB_WKPEBDH2HH@Z 000000018008d274     libucrt:comparestringa.obj
 0004:00002280       $pdata$__acrt_CompareStringA 000000018008d280     libucrt:comparestringa.obj
 0004:0000228c       $pdata$_log10_special      000000018008d28c     libucrt:log_special.obj
 0004:00002298       $pdata$_log_special_common 000000018008d298     libucrt:log_special.obj
 0004:000022a4       $pdata$_IsNonwritableInCurrentImage 000000018008d2a4     LIBCMT:pesect.obj
 0004:000022b0       $pdata$strrchr             000000018008d2b0     libvcruntime:strrchr.obj
 0004:000022bc       $pdata$strchr              000000018008d2bc     libvcruntime:strchr.obj
 0004:000022c8       $pdata$wcschr              000000018008d2c8     libvcruntime:wcschr.obj
 0004:000022e0       $pdata$?dtor$0@?0???0?$basic_ostream@DU?$char_traits@D@std@@@std@@QEAA@PEAV?$basic_streambuf@DU?$char_traits@D@std@@@1@_N@Z@4HA 000000018008d2e0     libcpmt:cout.obj
 0004:000022ec       $pdata$?dtor$0@?0??_Getcat@?$codecvt@DDU_Mbstatet@@@std@@SA_KPEAPEBVfacet@locale@2@PEBV42@@Z@4HA 000000018008d2ec     libcpmt:cout.obj
 0004:000022f8       $pdata$__scrt_is_nonwritable_in_current_image$filt$0 000000018008d2f8     LIBCMT:utility.obj
 0004:00002304       $pdata$?fin$0@?0??dllmain_crt_process_attach@@YAHQEAUHINSTANCE__@@QEAX@Z@4HA 000000018008d304     LIBCMT:dll_dllmain.obj
 0004:00002310       $pdata$?fin$0@?0??dllmain_crt_process_detach@@YAH_N@Z@4HA 000000018008d310     LIBCMT:dll_dllmain.obj
 0004:0000231c       $pdata$?filt$0@?0??dllmain_dispatch@@YAHQEAUHINSTANCE__@@KQEAX@Z@4HA 000000018008d31c     LIBCMT:dll_dllmain.obj
 0004:00002328       $pdata$__CxxCallCatchBlock$filt$0 000000018008d328     libvcruntime:frame.obj
 0004:00002334       $pdata$__CxxCallCatchBlock$fin$1 000000018008d334     libvcruntime:frame.obj
 0004:00002340       $pdata$__DestructExceptionObject$filt$0 000000018008d340     libvcruntime:frame.obj
 0004:0000234c       $pdata$__FrameUnwindToState$filt$0 000000018008d34c     libvcruntime:frame.obj
 0004:00002358       $pdata$__FrameUnwindToState$fin$1 000000018008d358     libvcruntime:frame.obj
 0004:00002364       $pdata$_CallSETranslator$filt$0 000000018008d364     libvcruntime:trnsctrl.obj
 0004:00002370       $pdata$setlocale$fin$0     000000018008d370     libucrt:setlocale.obj
 0004:0000237c       $pdata$common_flush_all$fin$0 000000018008d37c     libucrt:fflush.obj
 0004:00002388       $pdata$common_flush_all$fin$1 000000018008d388     libucrt:fflush.obj
 0004:00002394       $pdata$fflush$fin$0        000000018008d394     libucrt:fflush.obj
 0004:00002394       $pdata$fclose$fin$0        000000018008d394     libucrt:fclose.obj
 0004:000023a0       $pdata$fgetc$fin$0         000000018008d3a0     libucrt:fgetc.obj
 0004:000023ac       $pdata$fputc$fin$0         000000018008d3ac     libucrt:fputc.obj
 0004:000023b8       $pdata$?fin$0@?0???$common_ftell@_J@@YA_JV__crt_stdio_stream@@@Z@4HA 000000018008d3b8     libucrt:ftell.obj
 0004:000023b8       $pdata$?fin$0@?0??common_fseek@@YAHV__crt_stdio_stream@@_JH@Z@4HA 000000018008d3b8     libucrt:fseek.obj
 0004:000023c4       $pdata$?fin$0@?0???$?RV<lambda_5d4c3fee44080f75d5d9762853974fe0>@@AEAV<lambda_532e024f4337e6fc7ad266c2bef9f4ed>@@V<lambda_c87bdc10097eb2402edb8ba9bdf0697b>@@@?$__crt_seh_guarded_call@_K@@QEAA_K$$QEAV<lambda_5d4c3fee44080f75d5d9762853974fe0>@@AEAV<lambda_532e024f4337e6fc7ad266c2bef9f4ed>@@$$QEAV<lambda_c87bdc10097eb2402edb8ba9bdf0697b>@@@Z@4HA 000000018008d3c4     libucrt:fwrite.obj
 0004:000023c4       $pdata$?fin$0@?0???$?RV<lambda_7a5ef57ff966f610505f1d28a3d40618>@@AEAV<lambda_b721fa326cdb32351d23dfa67958c160>@@V<lambda_5e0fb27672408a07956fe59e48ccb2aa>@@@?$__crt_seh_guarded_call@H@@QEAAH$$QEAV<lambda_7a5ef57ff966f610505f1d28a3d40618>@@AEAV<lambda_b721fa326cdb32351d23dfa67958c160>@@$$QEAV<lambda_5e0fb27672408a07956fe59e48ccb2aa>@@@Z@4HA 000000018008d3c4     libucrt:setvbuf.obj
 0004:000023d0       $pdata$ungetc$fin$0        000000018008d3d0     libucrt:ungetc.obj
 0004:000023dc       $pdata$_query_new_handler$fin$0 000000018008d3dc     libucrt:new_handler.obj
 0004:000023e8       $pdata$?filt$0@?0??common_exit@@YAXHW4_crt_exit_cleanup_mode@@W4_crt_exit_return_mode@@@Z@4HA 000000018008d3e8     libucrt:exit.obj
 0004:000023f4       $pdata$?fin$1@?0??common_exit@@YAXHW4_crt_exit_cleanup_mode@@W4_crt_exit_return_mode@@@Z@4HA 000000018008d3f4     libucrt:exit.obj
 0004:00002400       $pdata$?fin$0@?0???$?RV<lambda_e24bbb7b643b32fcea6fa61b31d4c984>@@AEAV<lambda_275893d493268fdec8709772e3fcec0e>@@V<lambda_9d71df4d7cf3f480f8d633942495c3b0>@@@?$__crt_seh_guarded_call@H@@QEAAH$$QEAV<lambda_e24bbb7b643b32fcea6fa61b31d4c984>@@AEAV<lambda_275893d493268fdec8709772e3fcec0e>@@$$QEAV<lambda_9d71df4d7cf3f480f8d633942495c3b0>@@@Z@4HA 000000018008d400     libucrt:onexit.obj
 0004:0000240c       $pdata$raise$fin$0         000000018008d40c     libucrt:signal.obj
 0004:00002418       $pdata$?fin$0@?0???$?RV<lambda_99476a1ad63dd22509b5d3e65b0ffc95>@@AEAV<lambda_ad1ced32f4ac17aa236e5ef05d6b3b7c>@@V<lambda_f7424dd8d45958661754dc4f2697e9c3>@@@?$__crt_seh_guarded_call@X@@QEAAX$$QEAV<lambda_99476a1ad63dd22509b5d3e65b0ffc95>@@AEAV<lambda_ad1ced32f4ac17aa236e5ef05d6b3b7c>@@$$QEAV<lambda_f7424dd8d45958661754dc4f2697e9c3>@@@Z@4HA 000000018008d418     libucrt:mbctype.obj
 0004:00002418       $pdata$?fin$0@?0???$?RV<lambda_72d1df2b273a38828b1ce30cbf4cdab5>@@AEAV<lambda_876a65b173b8412d3a47c70a915b0cf4>@@V<lambda_41932305e351933ebe8f8be3ed8bb5dc>@@@?$__crt_seh_guarded_call@X@@QEAAX$$QEAV<lambda_72d1df2b273a38828b1ce30cbf4cdab5>@@AEAV<lambda_876a65b173b8412d3a47c70a915b0cf4>@@$$QEAV<lambda_41932305e351933ebe8f8be3ed8bb5dc>@@@Z@4HA 000000018008d418     libucrt:per_thread_data.obj
 0004:00002418       $pdata$?fin$0@?0???$?RV<lambda_5e887d1dcbef67a5eb4283622ba103bf>@@AEAV<lambda_4466841279450cc726390878d4a41900>@@V<lambda_341c25c0346d94847f1f3c463c57e077>@@@?$__crt_seh_guarded_call@X@@QEAAX$$QEAV<lambda_5e887d1dcbef67a5eb4283622ba103bf>@@AEAV<lambda_4466841279450cc726390878d4a41900>@@$$QEAV<lambda_341c25c0346d94847f1f3c463c57e077>@@@Z@4HA 000000018008d418     libucrt:per_thread_data.obj
 0004:00002418       $pdata$?fin$0@?0???$?RV<lambda_46352004c1216016012b18bd6f87e700>@@AEAV<lambda_3bd07e1a1191394380780325891bf33f>@@V<lambda_334532d3f185bcaa59b5be82d7d22bff>@@@?$__crt_seh_guarded_call@X@@QEAAX$$QEAV<lambda_46352004c1216016012b18bd6f87e700>@@AEAV<lambda_3bd07e1a1191394380780325891bf33f>@@$$QEAV<lambda_334532d3f185bcaa59b5be82d7d22bff>@@@Z@4HA 000000018008d418     libucrt:per_thread_data.obj
 0004:00002418       $pdata$?fin$0@?0???$?RV<lambda_fb3a7dec4e47f37f22dae91bb15c9095>@@AEAV<lambda_698284760c8add0bfb0756c19673e34b>@@V<lambda_dfb8eca1e75fef3034a8fb18dd509707>@@@?$__crt_seh_guarded_call@X@@QEAAX$$QEAV<lambda_fb3a7dec4e47f37f22dae91bb15c9095>@@AEAV<lambda_698284760c8add0bfb0756c19673e34b>@@$$QEAV<lambda_dfb8eca1e75fef3034a8fb18dd509707>@@@Z@4HA 000000018008d418     libucrt:per_thread_data.obj
 0004:00002418       $pdata$?fin$0@?0???$?RV<lambda_c36588078e9f5dfd39652860aa6b3aaf>@@AEAV<lambda_ec61778202f4f5fc7e7711acc23c3bca>@@V<lambda_dc9d2797ccde5d239b4a0efae8ebd7db>@@@?$__crt_seh_guarded_call@P6AXH@Z@@QEAAP6AXH@Z$$QEAV<lambda_c36588078e9f5dfd39652860aa6b3aaf>@@AEAV<lambda_ec61778202f4f5fc7e7711acc23c3bca>@@$$QEAV<lambda_dc9d2797ccde5d239b4a0efae8ebd7db>@@@Z@4HA 000000018008d418     libucrt:signal.obj
 0004:00002418       $pdata$?fin$0@?0???$?RV<lambda_630b2aca97f6d20d5b5ea6529ea6b6af>@@AEAV<lambda_af91936f1d075d609f72d9d8cba980af>@@V<lambda_e82fa975f615b5c7c7b0e4d178fdae67>@@@?$__crt_seh_guarded_call@H@@QEAAH$$QEAV<lambda_630b2aca97f6d20d5b5ea6529ea6b6af>@@AEAV<lambda_af91936f1d075d609f72d9d8cba980af>@@$$QEAV<lambda_e82fa975f615b5c7c7b0e4d178fdae67>@@@Z@4HA 000000018008d418     libucrt:winapi_thunks.obj
 0004:00002418       $pdata$?fin$0@?0???$?RV<lambda_b8c45f8f788dd370798f47cfe8ac3a86>@@AEAV<lambda_4e60a939b0d047cfe11ddc22648dfba9>@@V<lambda_332c3edc96d0294ec56c57d38c1cdfd5>@@@?$__crt_seh_guarded_call@H@@QEAAH$$QEAV<lambda_b8c45f8f788dd370798f47cfe8ac3a86>@@AEAV<lambda_4e60a939b0d047cfe11ddc22648dfba9>@@$$QEAV<lambda_332c3edc96d0294ec56c57d38c1cdfd5>@@@Z@4HA 000000018008d418     libucrt:onexit.obj
 0004:00002418       $pdata$?fin$0@?0???$?RV<lambda_d67e8342c384adda8f857579ab50b2ae>@@AEAV<lambda_30712929f77e709619002f448b6a9510>@@V<lambda_4525336fd7e478d965fb7ca7a337cad8>@@@?$__crt_seh_guarded_call@X@@QEAAX$$QEAV<lambda_d67e8342c384adda8f857579ab50b2ae>@@AEAV<lambda_30712929f77e709619002f448b6a9510>@@$$QEAV<lambda_4525336fd7e478d965fb7ca7a337cad8>@@@Z@4HA 000000018008d418     libucrt:wsetlocale.obj
 0004:00002424       $pdata$?fin$0@?0???$?RV<lambda_5df02c53a8f32f81fd64e5bbb78039f1>@@AEAV<lambda_2af78c5f5901b1372d98f9ab3177dfa6>@@AEAV<lambda_f51fe5fd7c79a33db34fc9310f277369>@@@?$__crt_seh_guarded_call@X@@QEAAX$$QEAV<lambda_5df02c53a8f32f81fd64e5bbb78039f1>@@AEAV<lambda_2af78c5f5901b1372d98f9ab3177dfa6>@@AEAV<lambda_f51fe5fd7c79a33db34fc9310f277369>@@@Z@4HA 000000018008d424     libucrt:wsetlocale.obj
 0004:00002430       $pdata$common_control87$filt$0 000000018008d430     libucrt:ieee.obj
 0004:00002430       $pdata$_ctrlfp$filt$0      000000018008d430     libucrt:fpctrl.obj
 0004:0000243c       $pdata$__tzset$fin$0       000000018008d43c     libucrt:tzset.obj
 0004:0000243c       $pdata$_isindst$fin$0      000000018008d43c     libucrt:tzset.obj
 0004:00002448       $pdata$_fcloseall$fin$0    000000018008d448     libucrt:closeall.obj
 0004:00002454       $pdata$?fin$0@?0???$?RV<lambda_b521505b218e5242e90febf6bfebc422>@@AEAV<lambda_6978c1fb23f02e42e1d9e99668cc68aa>@@V<lambda_314360699dd331753a4119843814e9a7>@@@?$__crt_seh_guarded_call@H@@QEAAH$$QEAV<lambda_b521505b218e5242e90febf6bfebc422>@@AEAV<lambda_6978c1fb23f02e42e1d9e99668cc68aa>@@$$QEAV<lambda_314360699dd331753a4119843814e9a7>@@@Z@4HA 000000018008d454     libucrt:commit.obj
 0004:00002454       $pdata$?fin$0@?0???$?RV<lambda_bfedae4ebbf01fab1bb6dcc6a9e276e0>@@AEAV<lambda_2fe9b910cf3cbf4a0ab98a02ba45b3ec>@@V<lambda_237c231691f317818eb88cc1d5d642d6>@@@?$__crt_seh_guarded_call@H@@QEAAH$$QEAV<lambda_bfedae4ebbf01fab1bb6dcc6a9e276e0>@@AEAV<lambda_2fe9b910cf3cbf4a0ab98a02ba45b3ec>@@$$QEAV<lambda_237c231691f317818eb88cc1d5d642d6>@@@Z@4HA 000000018008d454     libucrt:close.obj
 0004:00002460       $pdata$_write$fin$0        000000018008d460     libucrt:write.obj
 0004:00002460       $pdata$?fin$0@?0???$common_lseek@_J@@YA_JH_JH@Z@4HA 000000018008d460     libucrt:lseek.obj
 0004:00002460       $pdata$_read$fin$0         000000018008d460     libucrt:read.obj
 0004:0000246c       $pdata$__acrt_update_thread_multibyte_data$fin$0 000000018008d46c     libucrt:mbctype.obj
 0004:00002478       $pdata$__acrt_update_thread_locale_data$fin$0 000000018008d478     libucrt:locale_refcounting.obj
 0004:00002478       $pdata$__acrt_uninitialize_locale$fin$0 000000018008d478     libucrt:wsetlocale.obj
 0004:00002484       $pdata$__acrt_lowio_ensure_fh_exists$fin$0 000000018008d484     libucrt:osfinfo.obj
 0004:00002484       $pdata$__acrt_initialize_lowio$fin$0 000000018008d484     libucrt:ioinit.obj
 0004:00002490       $pdata$?fin$0@?0???$common_getenv_s@D@@YAHQEA_KQEAD_KQEBD@Z@4HA 000000018008d490     libucrt:getenv.obj
 0004:0000249c       $pdata$_IsNonwritableInCurrentImage$filt$0 000000018008d49c     LIBCMT:pesect.obj
 0004:000024a8       $pdata$??__Fkk_hwnd2title@demo@@YAXXZ 000000018008d4a8     kkqWinTool.obj
 0004:000024b4       $pdata$??__Fkk_hwnd2titleCht@demo@@YAXXZ 000000018008d4b4     kkqWinTool.obj
 0004:000024c0       $pdata$??__Fcout@std@@YAXXZ 000000018008d4c0     libcpmt:cout.obj
 0004:000024cc       $pdata$??__F_Fac_tidy_reg@std@@YAXXZ 000000018008d4cc     libcpmt:locale0.obj
 0004:000024d8       $pdata$??__Fclassic_locale@std@@YAXXZ 000000018008d4d8     libcpmt:locale0.obj
 0004:000024e4       $pdata$??__Finit_atexit@@YAXXZ 000000018008d4e4     libcpmt:iosptrs.obj
 0005:00000000       __guard_fids__             000000018008e000     libucrt:initialization.obj
 0005:00000060       __guard_fids___acrt_initialize_ptd 000000018008e060     libucrt:per_thread_data.obj
 0005:00000064       __guard_fids__             000000018008e064     libucrt:wsetlocale.obj
 0005:0000007c       __guard_fids_??$?RV<lambda_630b2aca97f6d20d5b5ea6529ea6b6af>@@AEAV<lambda_af91936f1d075d609f72d9d8cba980af>@@V<lambda_e82fa975f615b5c7c7b0e4d178fdae67>@@@?$__crt_seh_guarded_call@H@@QEAAH$$QEAV<lambda_630b2aca97f6d20d5b5ea6529ea6b6af>@@AEAV<lambda_af91936f1d075d609f72d9d8cba980af>@@$$QEAV<lambda_e82fa975f615b5c7c7b0e4d178fdae67>@@@Z 000000018008e07c     libucrt:winapi_thunks.obj
 0005:00000080       __guard_fids__             000000018008e080     libucrt:stdio_initializer.obj
 0005:00000084       __guard_fids__             000000018008e084     libucrt:stdio_initializer.obj
 0005:00000088       __guard_fids_??$expand_argument_wildcards@D@@YAHQEAD0AEAV?$argument_list@D@?A0xca0879c4@@@Z 000000018008e088     libucrt:argv_wildcards.obj
 0005:0000008c       __guard_fids__             000000018008e08c     libucrt:locale_initializer.obj
 0005:00000090       __guard_fids_GetLocaleNameFromLangCountry 000000018008e090     libucrt:get_qualified_locale.obj
 0005:00000094       __guard_fids_GetLocaleNameFromLanguage 000000018008e094     libucrt:get_qualified_locale.obj
 0005:00000098       __guard_fids___acrt_get_qualified_locale_downlevel 000000018008e098     libucrt:getqloc_downlevel.obj
 0005:0000009c       __guard_fids_GetLcidFromLangCountry 000000018008e09c     libucrt:getqloc_downlevel.obj
 0005:000000a0       __guard_fids_GetLcidFromLanguage 000000018008e0a0     libucrt:getqloc_downlevel.obj
 0005:000000a4       __guard_fids__             000000018008e0a4     libucrt:timeset_initializer.obj
 0005:000000a8       __guard_fids__             000000018008e0a8     libucrt:fma3_initializer.obj
 0005:000000ac       __guard_fids__             000000018008e0ac     libucrt:multibyte_initializer.obj
 0005:000000b0       __guard_fids__             000000018008e0b0     libucrt:console_output_initializer.obj
 0005:000000b4       __guard_fids_??__Einitlocks@std@@YAXXZ 000000018008e0b4     libcpmt:xlock.obj
 0005:000000b8       __guard_fids__             000000018008e0b8     libcpmt:xlock.obj
 0005:000000bc       __guard_fids_??__Einitlocks@@YAXXZ 000000018008e0bc     libcpmt:cout.obj
 0005:000000c0       __guard_fids_??__Efout@std@@YAXXZ 000000018008e0c0     libcpmt:cout.obj
 0005:000000c4       __guard_fids_??__Ecout@std@@YAXXZ 000000018008e0c4     libcpmt:cout.obj
 0005:000000c8       __guard_fids__             000000018008e0c8     libcpmt:cout.obj
 0005:000000d0       __guard_fids__             000000018008e0d0     libcpmt:cout.obj
 0005:000000d8       __guard_fids__             000000018008e0d8     libcpmt:cout.obj
 0005:000000e0       __guard_fids__             000000018008e0e0     libcpmt:cout.obj
 0005:000000ec       __guard_fids__             000000018008e0ec     libcpmt:cout.obj
 0005:00000118       __guard_fids__             000000018008e118     libcpmt:cout.obj
 0005:00000130       __guard_fids__             000000018008e130     libcpmt:cout.obj
 0005:00000138       __guard_fids__             000000018008e138     libcpmt:cout.obj
 0005:00000150       __guard_fids__             000000018008e150     libcpmt:cout.obj
 0005:00000158       __guard_fids__             000000018008e158     libcpmt:cout.obj
 0005:0000015c       __guard_fids__             000000018008e15c     libcpmt:cout.obj
 0005:00000198       __guard_fids__             000000018008e198     libcpmt:cout.obj
 0005:000001d4       __guard_fids__             000000018008e1d4     libcpmt:cout.obj
 0005:000001d8       __guard_fids__             000000018008e1d8     libcpmt:cout.obj
 0005:000001dc       __guard_fids__             000000018008e1dc     libcpmt:cout.obj
 0005:00000204       __guard_fids__             000000018008e204     libcpmt:cout.obj
 0005:00000208       __guard_fids__             000000018008e208     libcpmt:cout.obj
 0005:0000020c       __guard_fids__             000000018008e20c     libcpmt:cout.obj
 0005:00000210       __guard_fids__             000000018008e210     libcpmt:cout.obj
 0005:00000214       __guard_fids_??__E_Fac_tidy_reg@std@@YAXXZ 000000018008e214     libcpmt:locale0.obj
 0005:00000218       __guard_fids_?_Setgloballocale@locale@std@@CAXPEAX@Z 000000018008e218     libcpmt:locale0.obj
 0005:0000021c       __guard_fids_??__Eclassic_locale@std@@YAXXZ 000000018008e21c     libcpmt:locale0.obj
 0005:00000220       __guard_fids__             000000018008e220     libcpmt:locale0.obj
 0005:0000022c       __guard_fids__             000000018008e22c     libcpmt:locale0.obj
 0005:00000230       __guard_fids__             000000018008e230     libcpmt:locale0.obj
 0005:00000234       __guard_fids__             000000018008e234     libcpmt:xthrow.obj
 0005:0000023c       __guard_fids__             000000018008e23c     libcpmt:xthrow.obj
 0005:00000244       __guard_fids__             000000018008e244     libcpmt:xthrow.obj
 0005:0000024c       __guard_fids__             000000018008e24c     libcpmt:xthrow.obj
 0005:00000254       __guard_fids_??__Einitlocks@std@@YAXXZ 000000018008e254     libcpmt:iosptrs.obj
 0005:00000258       __guard_fids_??__Einit_atexit@@YAXXZ 000000018008e258     libcpmt:iosptrs.obj
 0005:0000025c       __guard_fids__             000000018008e25c     libcpmt:iosptrs.obj
 0005:00000260       __guard_fids__             000000018008e260     libcpmt:iosptrs.obj
 0005:00000264       __guard_fids__             000000018008e264     libcpmt:locale.obj
 0005:00000290       __guard_fids__             000000018008e290     libcpmt:locale.obj
 0005:000002b0       __guard_fids__             000000018008e2b0     libcpmt:winapisupp.obj
 0005:000002b4       __guard_fids__             000000018008e2b4     LIBCMT:thread_safe_statics.obj
 0005:000002b8       __guard_fids_?__scrt_initialize_thread_safe_statics@@YAHXZ 000000018008e2b8     LIBCMT:thread_safe_statics.obj
 0005:000002bc       __guard_fids_?dllmain_crt_process_attach@@YAHQEAUHINSTANCE__@@QEAX@Z 000000018008e2bc     LIBCMT:dll_dllmain.obj
 0005:000002c4       __guard_fids_?dllmain_dispatch@@YAHQEAUHINSTANCE__@@KQEAX@Z 000000018008e2c4     LIBCMT:dll_dllmain.obj
 0005:000002c8       __guard_fids__             000000018008e2c8     LIBCMT:std_type_info_static.obj
 0005:000002cc       __guard_fids__             000000018008e2cc     LIBCMT:throw_bad_alloc.obj
 0005:000002d4       __guard_fids__             000000018008e2d4     LIBCMT:guard_support.obj
 0005:000002d8       __guard_fids__             000000018008e2d8     libvcruntime:frame.obj
 0005:000002dc       __guard_fids__             000000018008e2dc     libvcruntime:frame.obj
 0005:000002e4       __guard_fids__UnwindNestedFrames 000000018008e2e4     libvcruntime:trnsctrl.obj
 0005:000002e8       __guard_fids___vcrt_initialize_ptd 000000018008e2e8     libvcruntime:per_thread_data.obj
 0007:00000060       $R000000                   0000000180090060     * linker generated manifest res *

 Exports

  ordinal    name

        1    _register_demo_
